2026-09-02T12:20:28 SKIP [CastUnitDrawing] SetActiveDrawing failed: In order to set the drawing as active, it must be first updated
2026-09-02T12:20:29 SKIP [Reinforcement] BA-11(?) had 0 rebar after scanning 1 parts
2026-09-02T12:21:00 SKIP [CastUnitDrawing] SetActiveDrawing failed: In order to set the drawing as active, it must be first updated
2026-09-02T12:21:02 SKIP [Reinforcement] BA-11(?) had 0 rebar after scanning 1 parts
2026-09-02T12:21:47 SKIP [CastUnitDrawing] SetActiveDrawing failed: In order to set the drawing as active, it must be first updated
2026-09-02T12:21:49 SKIP [Reinforcement] BA-11(?) had 0 rebar after scanning 1 parts
2026-09-02T12:22:28 SKIP [CastUnitDrawing] SetActiveDrawing failed: In order to set the drawing as active, it must be first updated
2026-09-02T12:22:29 SKIP [Reinforcement] BA-11(?) had 0 rebar after scanning 1 parts
2026-09-02T12:22:57 SKIP [CastUnitDrawing] SetActiveDrawing failed: In order to set the drawing as active, it must be first updated
2026-09-02T12:22:59 SKIP [Reinforcement] BA-8(?) had 0 rebar after scanning 1 parts
2026-09-02T12:23:41 SKIP [CastUnitDrawing] SetActiveDrawing failed: In order to set the drawing as active, it must be first updated
2026-09-02T12:23:43 SKIP [Reinforcement] BA-8(?) had 0 rebar after scanning 1 parts
2026-09-02T12:23:58 SKIP [CastUnitDrawing] SetActiveDrawing failed: In order to set the drawing as active, it must be first updated
2026-09-02T12:23:58 SKIP [Reinforcement] BA-8(?) had 0 rebar after scanning 1 parts
2026-09-02T12:24:07 SKIP [CastUnitDrawing] SetActiveDrawing failed: In order to set the drawing as active, it must be first updated
2026-09-02T12:24:07 SKIP [Reinforcement] BA-8(?) had 0 rebar after scanning 1 parts
2026-09-02T12:24:15 SKIP [CastUnitDrawing] SetActiveDrawing failed: In order to set the drawing as active, it must be first updated
2026-09-02T12:24:16 SKIP [Reinforcement] BA-10(?) had 0 rebar after scanning 1 parts
2026-09-02T12:24:29 SKIP [CastUnitDrawing] SetActiveDrawing failed: In order to set the drawing as active, it must be first updated
2026-09-02T12:24:31 SKIP [Reinforcement] BA-10(?) had 0 rebar after scanning 1 parts
2026-09-02T12:25:03 SKIP [CastUnitDrawing] SetActiveDrawing failed: In order to set the drawing as active, it must be first updated
2026-09-02T12:25:05 SKIP [Reinforcement] BA-10(?) had 0 rebar after scanning 1 parts
2026-09-02T12:25:32 SKIP [CastUnitDrawing] SetActiveDrawing failed: In order to set the drawing as active, it must be first updated
2026-09-02T12:25:34 SKIP [Reinforcement] BA-10(?) had 0 rebar after scanning 1 parts
2026-09-02T12:26:10 SKIP [CastUnitDrawing] SetActiveDrawing failed: In order to set the drawing as active, it must be first updated
2026-09-02T12:26:11 SKIP [Reinforcement] BA-9(?) had 0 rebar after scanning 1 parts
2026-09-02T12:26:39 SKIP [CastUnitDrawing] SetActiveDrawing failed: In order to set the drawing as active, it must be first updated
2026-09-02T12:26:41 SKIP [Reinforcement] BA-9(?) had 0 rebar after scanning 1 parts
2026-09-02T12:27:07 SKIP [CastUnitDrawing] SetActiveDrawing failed: In order to set the drawing as active, it must be first updated
2026-09-02T12:27:09 SKIP [Reinforcement] BA-9(?) had 0 rebar after scanning 1 parts
2026-09-02T12:27:42 SKIP [CastUnitDrawing] SetActiveDrawing failed: In order to set the drawing as active, it must be first updated
2026-09-02T12:27:45 SKIP [Reinforcement] BA-9(?) had 0 rebar after scanning 1 parts
2026-09-02T12:32:10 SKIP [Reinforcement] A5 had 0 rebar after scanning 1 parts
2026-09-02T12:32:49 SKIP [Reinforcement] A5 had 0 rebar after scanning 1 parts
2026-09-02T12:33:34 SKIP [Reinforcement] A5 had 0 rebar after scanning 1 parts
2026-09-02T12:34:21 SKIP [Reinforcement] A5 had 0 rebar after scanning 1 parts
2026-09-02T12:57:26 SKIP [CastUnitDrawing] SetActiveDrawing failed: In order to set the drawing as active, it must be first updated
2026-09-02T13:14:23 SKIP [CastUnitDrawing] SetActiveDrawing failed: In order to set the drawing as active, it must be first updated
2026-09-02T14:23:40 SKIP [CastUnitDrawing] SetActiveDrawing failed: In order to set the drawing as active, it must be first updated
2026-09-02T14:27:05 SKIP [CastUnitDrawing] SetActiveDrawing failed: In order to set the drawing as active, it must be first updated
2026-09-02T15:11:54 SKIP [CastUnitDrawing] SetActiveDrawing failed: In order to set the drawing as active, it must be first updated
2026-09-02T15:23:07 SKIP [CastUnitDrawing] SetActiveDrawing failed: In order to set the drawing as active, it must be first updated
2026-09-02T15:29:31 SKIP [CastUnitDrawing] SetActiveDrawing failed: In order to set the drawing as active, it must be first updated
2026-09-02T15:32:45 SKIP [CastUnitDrawing] SetActiveDrawing failed: In order to set the drawing as active, it must be first updated
2026-09-02T15:35:58 SKIP [CastUnitDrawing] SetActiveDrawing failed: In order to set the drawing as active, it must be first updated
2026-09-02T15:36:00 SKIP [Reinforcement] BA-11(?) had 0 rebar after scanning 1 parts
2026-09-02T15:36:24 SKIP [CastUnitDrawing] SetActiveDrawing failed: In order to set the drawing as active, it must be first updated
2026-09-02T15:36:26 SKIP [Reinforcement] BA-8(?) had 0 rebar after scanning 1 parts
2026-09-02T15:36:52 SKIP [CastUnitDrawing] SetActiveDrawing failed: In order to set the drawing as active, it must be first updated
2026-09-02T15:36:54 SKIP [Reinforcement] BA-10(?) had 0 rebar after scanning 1 parts
2026-09-02T15:37:21 SKIP [CastUnitDrawing] SetActiveDrawing failed: In order to set the drawing as active, it must be first updated
2026-09-02T15:37:23 SKIP [Reinforcement] BA-9(?) had 0 rebar after scanning 1 parts
2026-09-02T15:38:57 SKIP [Reinforcement] A5 had 0 rebar after scanning 1 parts
2026-09-02T15:45:22 SKIP [CastUnitDrawing] SetActiveDrawing failed: In order to set the drawing as active, it must be first updated
2026-09-02T15:52:40 SKIP [CastUnitDrawing] SetActiveDrawing failed: In order to set the drawing as active, it must be first updated
2026-09-02T16:16:21 SKIP [CastUnitDrawing] SetActiveDrawing failed: In order to set the drawing as active, it must be first updated
2026-09-02T16:19:35 SKIP [CastUnitDrawing] SetActiveDrawing failed: In order to set the drawing as active, it must be first updated
2026-09-02T16:40:47 SKIP [CastUnitDrawing] SetActiveDrawing failed: In order to set the drawing as active, it must be first updated
2026-09-02T16:45:25 SKIP [CastUnitDrawing] SetActiveDrawing failed: In order to set the drawing as active, it must be first updated
2026-09-02T16:47:54 SKIP [CastUnitDrawing] SetActiveDrawing failed: In order to set the drawing as active, it must be first updated
2026-09-02T16:50:26 SKIP [CastUnitDrawing] SetActiveDrawing failed: In order to set the drawing as active, it must be first updated
INFO: P-705 / SLV-76-203 are W8-22 PDF marks. They are not injected into Paisley SHOP.json.
SKIP [UDA] stripping MPa: STRENGTH_28DAY/STRIPPING_STRENGTH/RELEASE_STRENGTH UDAs empty on main parts; 28-day was derived from material 6000 psi. Appendix only.
SKIP [Boolean/Text] corbel: no BooleanPart/Fitting/drawing text/view name containing CORBEL or HAUNCH on the extracted CUs. Appendix only.
SKIP [Rebar] 10M-STR 2620 / 10M-STR 7060 / 15M-STR 2620: Paisley bars use RS10M/RS15M/RB10M marks, not the W8-22 PDF catalogue names. Appendix only.
