INFO: P-705 / SLV-76-203 are W8-22 PDF marks. They are not injected into Paisley SHOP.json.
SKIP [UDA] stripping MPa: STRENGTH_28DAY/STRIPPING_STRENGTH/RELEASE_STRENGTH UDAs empty on main parts; 28-day was derived from material 6000 psi. Appendix only.
SKIP [Boolean/Text] corbel: no BooleanPart/Fitting/drawing text/view name containing CORBEL or HAUNCH on the extracted CUs. Appendix only.
SKIP [Rebar] 10M-STR 2620 / 10M-STR 7060 / 15M-STR 2620: Paisley bars use RS10M/RS15M/RB10M marks, not the W8-22 PDF catalogue names. Appendix only.
INFO: P-705 / SLV-76-203 are W8-22 PDF marks. They are not injected into Paisley SHOP.json.
SKIP [UDA] stripping MPa: STRENGTH_28DAY/STRIPPING_STRENGTH/RELEASE_STRENGTH UDAs empty on main parts; 28-day was derived from material 6000 psi. Appendix only.
SKIP [Boolean/Text] corbel: no BooleanPart/Fitting/drawing text/view name containing CORBEL or HAUNCH on the extracted CUs. Appendix only.
SKIP [Rebar] 10M-STR 2620 / 10M-STR 7060 / 15M-STR 2620: Paisley bars use RS10M/RS15M/RB10M marks, not the W8-22 PDF catalogue names. Appendix only.
2026-09-10T16:24:57 FAIL [smoke hardware CU batch 1 0 new sheets] System.InvalidOperationException: RunMacro started but 0 new sheets for SP_M.CU_PG1_11X17.cs (AKIT template likely loaded; CreateCastUnitDrawing did not commit). marks=W10-175
   at System.Environment.GetStackTrace(Exception e, Boolean needFileInfo)
   at System.Environment.get_StackTrace()
   at TeklaExtractor.Services.CivilDrawingSupport.LogError(String outputRoot, String context, Exception ex) in C:\Users\ASUS\Desktop\2d_tekla\Services\CivilDrawingSupport.cs:line 1633
   at TeklaExtractor.Services.LocalDrawingMacroRunner.Fail(String context, Exception ex) in C:\Users\ASUS\Desktop\2d_tekla\Services\LocalDrawingMacroRunner.cs:line 814
   at TeklaExtractor.Services.LocalDrawingMacroRunner.RunMacroOnSelection(List`1 parts, String macroFile, String label) in C:\Users\ASUS\Desktop\2d_tekla\Services\LocalDrawingMacroRunner.cs:line 357
   at TeklaExtractor.Services.LocalDrawingMacroRunner.RunMacroInBatches(List`1 parts, String macroFile, String label) in C:\Users\ASUS\Desktop\2d_tekla\Services\LocalDrawingMacroRunner.cs:line 311
   at TeklaExtractor.Services.LocalDrawingMacroRunner.RunMacros(String markFilter, Boolean smoke, Boolean selectedOnly) in C:\Users\ASUS\Desktop\2d_tekla\Services\LocalDrawingMacroRunner.cs:line 92
   at TeklaExtractor.Services.CivilDrawingBatchExtractor.Run() in C:\Users\ASUS\Desktop\2d_tekla\Services\CivilDrawingBatchExtractor.cs:line 109
   at TeklaExtractor.Program.RunCivilDrawings(Model tekla, String baseDir, String[] args) in C:\Users\ASUS\Desktop\2d_tekla\Program.cs:line 239
   at TeklaExtractor.Program.Main(String[] args) in C:\Users\ASUS\Desktop\2d_tekla\Program.cs:line 134
INFO: P-705 / SLV-76-203 are W8-22 PDF marks. They are not injected into Paisley SHOP.json.
SKIP [UDA] stripping MPa: STRENGTH_28DAY/STRIPPING_STRENGTH/RELEASE_STRENGTH UDAs empty on main parts; 28-day was derived from material 6000 psi. Appendix only.
SKIP [Boolean/Text] corbel: no BooleanPart/Fitting/drawing text/view name containing CORBEL or HAUNCH on the extracted CUs. Appendix only.
SKIP [Rebar] 10M-STR 2620 / 10M-STR 7060 / 15M-STR 2620: Paisley bars use RS10M/RS15M/RB10M marks, not the W8-22 PDF catalogue names. Appendix only.
INFO: P-705 / SLV-76-203 are W8-22 PDF marks. They are not injected into Paisley SHOP.json.
SKIP [UDA] stripping MPa: STRENGTH_28DAY/STRIPPING_STRENGTH/RELEASE_STRENGTH UDAs empty on main parts; 28-day was derived from material 6000 psi. Appendix only.
SKIP [Boolean/Text] corbel: no BooleanPart/Fitting/drawing text/view name containing CORBEL or HAUNCH on the extracted CUs. Appendix only.
SKIP [Rebar] 10M-STR 2620 / 10M-STR 7060 / 15M-STR 2620: Paisley bars use RS10M/RS15M/RB10M marks, not the W8-22 PDF catalogue names. Appendix only.
INFO: P-705 / SLV-76-203 are W8-22 PDF marks. They are not injected into Paisley SHOP.json.
SKIP [UDA] stripping MPa: STRENGTH_28DAY/STRIPPING_STRENGTH/RELEASE_STRENGTH UDAs empty on main parts; 28-day was derived from material 6000 psi. Appendix only.
SKIP [Boolean/Text] corbel: no BooleanPart/Fitting/drawing text/view name containing CORBEL or HAUNCH on the extracted CUs. Appendix only.
SKIP [Rebar] 10M-STR 2620 / 10M-STR 7060 / 15M-STR 2620: Paisley bars use RS10M/RS15M/RB10M marks, not the W8-22 PDF catalogue names. Appendix only.
INFO: P-705 / SLV-76-203 are W8-22 PDF marks. They are not injected into Paisley SHOP.json.
SKIP [UDA] stripping MPa: STRENGTH_28DAY/STRIPPING_STRENGTH/RELEASE_STRENGTH UDAs empty on main parts; 28-day was derived from material 6000 psi. Appendix only.
SKIP [Boolean/Text] corbel: no BooleanPart/Fitting/drawing text/view name containing CORBEL or HAUNCH on the extracted CUs. Appendix only.
SKIP [Rebar] 10M-STR 2620 / 10M-STR 7060 / 15M-STR 2620: Paisley bars use RS10M/RS15M/RB10M marks, not the W8-22 PDF catalogue names. Appendix only.
2026-09-11T18:04:35 FAIL [smoke hardware CU batch 1 0 new sheets] System.InvalidOperationException: RunMacro started but 0 new sheets for SP_M.CU_PG1_11X17.cs (AKIT template likely loaded; CreateCastUnitDrawing did not commit). marks=W10-175
   at System.Environment.GetStackTrace(Exception e, Boolean needFileInfo)
   at System.Environment.get_StackTrace()
   at TeklaExtractor.Services.CivilDrawingSupport.LogError(String outputRoot, String context, Exception ex) in C:\Users\ASUS\Desktop\2d_tekla\Services\CivilDrawingSupport.cs:line 1633
   at TeklaExtractor.Services.LocalDrawingMacroRunner.Fail(String context, Exception ex) in C:\Users\ASUS\Desktop\2d_tekla\Services\LocalDrawingMacroRunner.cs:line 814
   at TeklaExtractor.Services.LocalDrawingMacroRunner.RunMacroOnSelection(List`1 parts, String macroFile, String label) in C:\Users\ASUS\Desktop\2d_tekla\Services\LocalDrawingMacroRunner.cs:line 357
   at TeklaExtractor.Services.LocalDrawingMacroRunner.RunMacroInBatches(List`1 parts, String macroFile, String label) in C:\Users\ASUS\Desktop\2d_tekla\Services\LocalDrawingMacroRunner.cs:line 311
   at TeklaExtractor.Services.LocalDrawingMacroRunner.RunMacros(String markFilter, Boolean smoke, Boolean selectedOnly) in C:\Users\ASUS\Desktop\2d_tekla\Services\LocalDrawingMacroRunner.cs:line 92
   at TeklaExtractor.Services.CivilDrawingBatchExtractor.Run() in C:\Users\ASUS\Desktop\2d_tekla\Services\CivilDrawingBatchExtractor.cs:line 114
   at TeklaExtractor.Program.RunCivilDrawings(Model tekla, String baseDir, String[] args) in C:\Users\ASUS\Desktop\2d_tekla\Program.cs:line 244
   at TeklaExtractor.Program.Main(String[] args) in C:\Users\ASUS\Desktop\2d_tekla\Program.cs:line 134
INFO: P-705 / SLV-76-203 are W8-22 PDF marks. They are not injected into Paisley SHOP.json.
SKIP [UDA] stripping MPa: STRENGTH_28DAY/STRIPPING_STRENGTH/RELEASE_STRENGTH UDAs empty on main parts; 28-day was derived from material 6000 psi. Appendix only.
SKIP [Boolean/Text] corbel: no BooleanPart/Fitting/drawing text/view name containing CORBEL or HAUNCH on the extracted CUs. Appendix only.
SKIP [Rebar] 10M-STR 2620 / 10M-STR 7060 / 15M-STR 2620: Paisley bars use RS10M/RS15M/RB10M marks, not the W8-22 PDF catalogue names. Appendix only.
2026-09-11T18:19:55 FAIL [hardware CU batch 1 0 new sheets] System.InvalidOperationException: RunMacro started but 0 new sheets for SP_M.CU_PG1_11X17.cs (AKIT template likely loaded; CreateCastUnitDrawing did not commit). marks=W10-175
   at System.Environment.GetStackTrace(Exception e, Boolean needFileInfo)
   at System.Environment.get_StackTrace()
   at TeklaExtractor.Services.CivilDrawingSupport.LogError(String outputRoot, String context, Exception ex) in C:\Users\ASUS\Desktop\2d_tekla\Services\CivilDrawingSupport.cs:line 1633
   at TeklaExtractor.Services.LocalDrawingMacroRunner.Fail(String context, Exception ex) in C:\Users\ASUS\Desktop\2d_tekla\Services\LocalDrawingMacroRunner.cs:line 814
   at TeklaExtractor.Services.LocalDrawingMacroRunner.RunMacroOnSelection(List`1 parts, String macroFile, String label) in C:\Users\ASUS\Desktop\2d_tekla\Services\LocalDrawingMacroRunner.cs:line 357
   at TeklaExtractor.Services.LocalDrawingMacroRunner.RunMacroInBatches(List`1 parts, String macroFile, String label) in C:\Users\ASUS\Desktop\2d_tekla\Services\LocalDrawingMacroRunner.cs:line 311
   at TeklaExtractor.Services.LocalDrawingMacroRunner.RunMacros(String markFilter, Boolean smoke, Boolean selectedOnly) in C:\Users\ASUS\Desktop\2d_tekla\Services\LocalDrawingMacroRunner.cs:line 101
   at TeklaExtractor.Services.CivilDrawingBatchExtractor.Run() in C:\Users\ASUS\Desktop\2d_tekla\Services\CivilDrawingBatchExtractor.cs:line 114
   at TeklaExtractor.Program.RunCivilDrawings(Model tekla, String baseDir, String[] args) in C:\Users\ASUS\Desktop\2d_tekla\Program.cs:line 244
   at TeklaExtractor.Program.Main(String[] args) in C:\Users\ASUS\Desktop\2d_tekla\Program.cs:line 134
2026-09-11T18:20:22 FAIL [rebar placing CU batch 1 0 new sheets] System.InvalidOperationException: RunMacro started but 0 new sheets for SP_M.CU_PG2_11X17.cs (AKIT template likely loaded; CreateCastUnitDrawing did not commit). marks=W10-175
   at System.Environment.GetStackTrace(Exception e, Boolean needFileInfo)
   at System.Environment.get_StackTrace()
   at TeklaExtractor.Services.CivilDrawingSupport.LogError(String outputRoot, String context, Exception ex) in C:\Users\ASUS\Desktop\2d_tekla\Services\CivilDrawingSupport.cs:line 1633
   at TeklaExtractor.Services.LocalDrawingMacroRunner.Fail(String context, Exception ex) in C:\Users\ASUS\Desktop\2d_tekla\Services\LocalDrawingMacroRunner.cs:line 814
   at TeklaExtractor.Services.LocalDrawingMacroRunner.RunMacroOnSelection(List`1 parts, String macroFile, String label) in C:\Users\ASUS\Desktop\2d_tekla\Services\LocalDrawingMacroRunner.cs:line 357
   at TeklaExtractor.Services.LocalDrawingMacroRunner.RunMacroInBatches(List`1 parts, String macroFile, String label) in C:\Users\ASUS\Desktop\2d_tekla\Services\LocalDrawingMacroRunner.cs:line 311
   at TeklaExtractor.Services.LocalDrawingMacroRunner.RunMacros(String markFilter, Boolean smoke, Boolean selectedOnly) in C:\Users\ASUS\Desktop\2d_tekla\Services\LocalDrawingMacroRunner.cs:line 102
   at TeklaExtractor.Services.CivilDrawingBatchExtractor.Run() in C:\Users\ASUS\Desktop\2d_tekla\Services\CivilDrawingBatchExtractor.cs:line 114
   at TeklaExtractor.Program.RunCivilDrawings(Model tekla, String baseDir, String[] args) in C:\Users\ASUS\Desktop\2d_tekla\Program.cs:line 244
   at TeklaExtractor.Program.Main(String[] args) in C:\Users\ASUS\Desktop\2d_tekla\Program.cs:line 134
2026-09-11T18:20:46 FAIL [rebar table CU batch 1 0 new sheets] System.InvalidOperationException: RunMacro started but 0 new sheets for SP_M.CU_PG3_11X17.cs (AKIT template likely loaded; CreateCastUnitDrawing did not commit). marks=W10-175
   at System.Environment.GetStackTrace(Exception e, Boolean needFileInfo)
   at System.Environment.get_StackTrace()
   at TeklaExtractor.Services.CivilDrawingSupport.LogError(String outputRoot, String context, Exception ex) in C:\Users\ASUS\Desktop\2d_tekla\Services\CivilDrawingSupport.cs:line 1633
   at TeklaExtractor.Services.LocalDrawingMacroRunner.Fail(String context, Exception ex) in C:\Users\ASUS\Desktop\2d_tekla\Services\LocalDrawingMacroRunner.cs:line 814
   at TeklaExtractor.Services.LocalDrawingMacroRunner.RunMacroOnSelection(List`1 parts, String macroFile, String label) in C:\Users\ASUS\Desktop\2d_tekla\Services\LocalDrawingMacroRunner.cs:line 357
   at TeklaExtractor.Services.LocalDrawingMacroRunner.RunMacroInBatches(List`1 parts, String macroFile, String label) in C:\Users\ASUS\Desktop\2d_tekla\Services\LocalDrawingMacroRunner.cs:line 311
   at TeklaExtractor.Services.LocalDrawingMacroRunner.RunMacros(String markFilter, Boolean smoke, Boolean selectedOnly) in C:\Users\ASUS\Desktop\2d_tekla\Services\LocalDrawingMacroRunner.cs:line 103
   at TeklaExtractor.Services.CivilDrawingBatchExtractor.Run() in C:\Users\ASUS\Desktop\2d_tekla\Services\CivilDrawingBatchExtractor.cs:line 114
   at TeklaExtractor.Program.RunCivilDrawings(Model tekla, String baseDir, String[] args) in C:\Users\ASUS\Desktop\2d_tekla\Program.cs:line 244
   at TeklaExtractor.Program.Main(String[] args) in C:\Users\ASUS\Desktop\2d_tekla\Program.cs:line 134
INFO: P-705 / SLV-76-203 are W8-22 PDF marks. They are not injected into Paisley SHOP.json.
SKIP [UDA] stripping MPa: STRENGTH_28DAY/STRIPPING_STRENGTH/RELEASE_STRENGTH UDAs empty on main parts; 28-day was derived from material 6000 psi. Appendix only.
SKIP [Boolean/Text] corbel: no BooleanPart/Fitting/drawing text/view name containing CORBEL or HAUNCH on the extracted CUs. Appendix only.
SKIP [Rebar] 10M-STR 2620 / 10M-STR 7060 / 15M-STR 2620: Paisley bars use RS10M/RS15M/RB10M marks, not the W8-22 PDF catalogue names. Appendix only.
INFO: P-705 / SLV-76-203 are W8-22 PDF marks. They are not injected into Paisley SHOP.json.
SKIP [UDA] stripping MPa: STRENGTH_28DAY/STRIPPING_STRENGTH/RELEASE_STRENGTH UDAs empty on main parts; 28-day was derived from material 6000 psi. Appendix only.
SKIP [Boolean/Text] corbel: no BooleanPart/Fitting/drawing text/view name containing CORBEL or HAUNCH on the extracted CUs. Appendix only.
SKIP [Rebar] 10M-STR 2620 / 10M-STR 7060 / 15M-STR 2620: Paisley bars use RS10M/RS15M/RB10M marks, not the W8-22 PDF catalogue names. Appendix only.
INFO: P-705 / SLV-76-203 are W8-22 PDF marks. They are not injected into Paisley SHOP.json.
SKIP [UDA] stripping MPa: STRENGTH_28DAY/STRIPPING_STRENGTH/RELEASE_STRENGTH UDAs empty on main parts; 28-day was derived from material 6000 psi. Appendix only.
SKIP [Boolean/Text] corbel: no BooleanPart/Fitting/drawing text/view name containing CORBEL or HAUNCH on the extracted CUs. Appendix only.
SKIP [Rebar] 10M-STR 2620 / 10M-STR 7060 / 15M-STR 2620: Paisley bars use RS10M/RS15M/RB10M marks, not the W8-22 PDF catalogue names. Appendix only.
2026-09-18T18:22:14 FAIL [smoke hardware CU batch 1 0 new sheets] System.InvalidOperationException: RunMacro started but 0 new sheets for SP_M.CU_PG1_11X17.cs (AKIT template likely loaded; CreateCastUnitDrawing did not commit). marks=W10-34
   at System.Environment.GetStackTrace(Exception e, Boolean needFileInfo)
   at System.Environment.get_StackTrace()
   at TeklaExtractor.Services.CivilDrawingSupport.LogError(String outputRoot, String context, Exception ex) in C:\Users\ASUS\Desktop\2d_tekla\Services\CivilDrawingSupport.cs:line 1633
   at TeklaExtractor.Services.LocalDrawingMacroRunner.Fail(String context, Exception ex) in C:\Users\ASUS\Desktop\2d_tekla\Services\LocalDrawingMacroRunner.cs:line 814
   at TeklaExtractor.Services.LocalDrawingMacroRunner.RunMacroOnSelection(List`1 parts, String macroFile, String label) in C:\Users\ASUS\Desktop\2d_tekla\Services\LocalDrawingMacroRunner.cs:line 357
   at TeklaExtractor.Services.LocalDrawingMacroRunner.RunMacroInBatches(List`1 parts, String macroFile, String label) in C:\Users\ASUS\Desktop\2d_tekla\Services\LocalDrawingMacroRunner.cs:line 311
   at TeklaExtractor.Services.LocalDrawingMacroRunner.RunMacros(String markFilter, Boolean smoke, Boolean selectedOnly) in C:\Users\ASUS\Desktop\2d_tekla\Services\LocalDrawingMacroRunner.cs:line 92
   at TeklaExtractor.Services.CivilDrawingBatchExtractor.Run() in C:\Users\ASUS\Desktop\2d_tekla\Services\CivilDrawingBatchExtractor.cs:line 114
   at TeklaExtractor.Program.RunCivilDrawings(Model tekla, String baseDir, String[] args) in C:\Users\ASUS\Desktop\2d_tekla\Program.cs:line 265
   at TeklaExtractor.Program.Main(String[] args) in C:\Users\ASUS\Desktop\2d_tekla\Program.cs:line 155
INFO: P-705 / SLV-76-203 are W8-22 PDF marks. They are not injected into Paisley SHOP.json.
SKIP [UDA] stripping MPa: STRENGTH_28DAY/STRIPPING_STRENGTH/RELEASE_STRENGTH UDAs empty on main parts; 28-day was derived from material 6000 psi. Appendix only.
SKIP [Boolean/Text] corbel: no BooleanPart/Fitting/drawing text/view name containing CORBEL or HAUNCH on the extracted CUs. Appendix only.
SKIP [Rebar] 10M-STR 2620 / 10M-STR 7060 / 15M-STR 2620: Paisley bars use RS10M/RS15M/RB10M marks, not the W8-22 PDF catalogue names. Appendix only.
INFO: P-705 / SLV-76-203 are W8-22 PDF marks. They are not injected into Paisley SHOP.json.
SKIP [UDA] stripping MPa: STRENGTH_28DAY/STRIPPING_STRENGTH/RELEASE_STRENGTH UDAs empty on main parts; 28-day was derived from material 6000 psi. Appendix only.
SKIP [Boolean/Text] corbel: no BooleanPart/Fitting/drawing text/view name containing CORBEL or HAUNCH on the extracted CUs. Appendix only.
SKIP [Rebar] 10M-STR 2620 / 10M-STR 7060 / 15M-STR 2620: Paisley bars use RS10M/RS15M/RB10M marks, not the W8-22 PDF catalogue names. Appendix only.
2026-09-21T16:48:21 FAIL [smoke hardware CU batch 1 0 new sheets] System.InvalidOperationException: RunMacro started but 0 new sheets for SP_M.CU_PG1_11X17.cs (AKIT template likely loaded; CreateCastUnitDrawing did not commit). marks=P6-1
   at System.Environment.GetStackTrace(Exception e, Boolean needFileInfo)
   at System.Environment.get_StackTrace()
   at TeklaExtractor.Services.CivilDrawingSupport.LogError(String outputRoot, String context, Exception ex) in C:\Users\ASUS\Desktop\2d_tekla\Services\CivilDrawingSupport.cs:line 1633
   at TeklaExtractor.Services.LocalDrawingMacroRunner.Fail(String context, Exception ex) in C:\Users\ASUS\Desktop\2d_tekla\Services\LocalDrawingMacroRunner.cs:line 814
   at TeklaExtractor.Services.LocalDrawingMacroRunner.RunMacroOnSelection(List`1 parts, String macroFile, String label) in C:\Users\ASUS\Desktop\2d_tekla\Services\LocalDrawingMacroRunner.cs:line 357
   at TeklaExtractor.Services.LocalDrawingMacroRunner.RunMacroInBatches(List`1 parts, String macroFile, String label) in C:\Users\ASUS\Desktop\2d_tekla\Services\LocalDrawingMacroRunner.cs:line 311
   at TeklaExtractor.Services.LocalDrawingMacroRunner.RunMacros(String markFilter, Boolean smoke, Boolean selectedOnly) in C:\Users\ASUS\Desktop\2d_tekla\Services\LocalDrawingMacroRunner.cs:line 92
   at TeklaExtractor.Services.CivilDrawingBatchExtractor.Run() in C:\Users\ASUS\Desktop\2d_tekla\Services\CivilDrawingBatchExtractor.cs:line 114
   at TeklaExtractor.Program.RunCivilDrawings(Model tekla, String baseDir, String[] args) in C:\Users\ASUS\Desktop\2d_tekla\Program.cs:line 265
   at TeklaExtractor.Program.Main(String[] args) in C:\Users\ASUS\Desktop\2d_tekla\Program.cs:line 155
INFO: P-705 / SLV-76-203 are W8-22 PDF marks. They are not injected into Paisley SHOP.json.
SKIP [UDA] stripping MPa: STRENGTH_28DAY/STRIPPING_STRENGTH/RELEASE_STRENGTH UDAs empty on main parts; 28-day was derived from material 6000 psi. Appendix only.
SKIP [Boolean/Text] corbel: no BooleanPart/Fitting/drawing text/view name containing CORBEL or HAUNCH on the extracted CUs. Appendix only.
SKIP [Rebar] 10M-STR 2620 / 10M-STR 7060 / 15M-STR 2620: Paisley bars use RS10M/RS15M/RB10M marks, not the W8-22 PDF catalogue names. Appendix only.
2026-09-21T16:57:35 FAIL [smoke hardware CU batch 1 0 new sheets] System.InvalidOperationException: RunMacro started but 0 new sheets for SP_M.CU_PG1_11X17.cs (AKIT template likely loaded; CreateCastUnitDrawing did not commit). marks=W10-175
   at System.Environment.GetStackTrace(Exception e, Boolean needFileInfo)
   at System.Environment.get_StackTrace()
   at TeklaExtractor.Services.CivilDrawingSupport.LogError(String outputRoot, String context, Exception ex) in C:\Users\ASUS\Desktop\2d_tekla\Services\CivilDrawingSupport.cs:line 1633
   at TeklaExtractor.Services.LocalDrawingMacroRunner.Fail(String context, Exception ex) in C:\Users\ASUS\Desktop\2d_tekla\Services\LocalDrawingMacroRunner.cs:line 814
   at TeklaExtractor.Services.LocalDrawingMacroRunner.RunMacroOnSelection(List`1 parts, String macroFile, String label) in C:\Users\ASUS\Desktop\2d_tekla\Services\LocalDrawingMacroRunner.cs:line 357
   at TeklaExtractor.Services.LocalDrawingMacroRunner.RunMacroInBatches(List`1 parts, String macroFile, String label) in C:\Users\ASUS\Desktop\2d_tekla\Services\LocalDrawingMacroRunner.cs:line 311
   at TeklaExtractor.Services.LocalDrawingMacroRunner.RunMacros(String markFilter, Boolean smoke, Boolean selectedOnly) in C:\Users\ASUS\Desktop\2d_tekla\Services\LocalDrawingMacroRunner.cs:line 92
   at TeklaExtractor.Services.CivilDrawingBatchExtractor.Run() in C:\Users\ASUS\Desktop\2d_tekla\Services\CivilDrawingBatchExtractor.cs:line 114
   at TeklaExtractor.Program.RunCivilDrawings(Model tekla, String baseDir, String[] args) in C:\Users\ASUS\Desktop\2d_tekla\Program.cs:line 265
   at TeklaExtractor.Program.Main(String[] args) in C:\Users\ASUS\Desktop\2d_tekla\Program.cs:line 155
INFO: P-705 / SLV-76-203 are W8-22 PDF marks. They are not injected into Paisley SHOP.json.
SKIP [UDA] stripping MPa: STRENGTH_28DAY/STRIPPING_STRENGTH/RELEASE_STRENGTH UDAs empty on main parts; 28-day was derived from material 6000 psi. Appendix only.
SKIP [Boolean/Text] corbel: no BooleanPart/Fitting/drawing text/view name containing CORBEL or HAUNCH on the extracted CUs. Appendix only.
SKIP [Rebar] 10M-STR 2620 / 10M-STR 7060 / 15M-STR 2620: Paisley bars use RS10M/RS15M/RB10M marks, not the W8-22 PDF catalogue names. Appendix only.
INFO: P-705 / SLV-76-203 are W8-22 PDF marks. They are not injected into Paisley SHOP.json.
SKIP [UDA] stripping MPa: STRENGTH_28DAY/STRIPPING_STRENGTH/RELEASE_STRENGTH UDAs empty on main parts; 28-day was derived from material 6000 psi. Appendix only.
SKIP [Boolean/Text] corbel: no BooleanPart/Fitting/drawing text/view name containing CORBEL or HAUNCH on the extracted CUs. Appendix only.
SKIP [Rebar] 10M-STR 2620 / 10M-STR 7060 / 15M-STR 2620: Paisley bars use RS10M/RS15M/RB10M marks, not the W8-22 PDF catalogue names. Appendix only.
INFO: P-705 / SLV-76-203 are W8-22 PDF marks. They are not injected into Paisley SHOP.json.
SKIP [UDA] stripping MPa: STRENGTH_28DAY/STRIPPING_STRENGTH/RELEASE_STRENGTH UDAs empty on main parts; 28-day was derived from material 6000 psi. Appendix only.
SKIP [Boolean/Text] corbel: no BooleanPart/Fitting/drawing text/view name containing CORBEL or HAUNCH on the extracted CUs. Appendix only.
SKIP [Rebar] 10M-STR 2620 / 10M-STR 7060 / 15M-STR 2620: Paisley bars use RS10M/RS15M/RB10M marks, not the W8-22 PDF catalogue names. Appendix only.
INFO: P-705 / SLV-76-203 are W8-22 PDF marks. They are not injected into Paisley SHOP.json.
SKIP [UDA] stripping MPa: STRENGTH_28DAY/STRIPPING_STRENGTH/RELEASE_STRENGTH UDAs empty on main parts; 28-day was derived from material 6000 psi. Appendix only.
SKIP [Boolean/Text] corbel: no BooleanPart/Fitting/drawing text/view name containing CORBEL or HAUNCH on the extracted CUs. Appendix only.
SKIP [Rebar] 10M-STR 2620 / 10M-STR 7060 / 15M-STR 2620: Paisley bars use RS10M/RS15M/RB10M marks, not the W8-22 PDF catalogue names. Appendix only.
2026-09-22T11:28:43 FAIL [smoke hardware CU batch 1 0 new sheets] System.InvalidOperationException: RunMacro started but 0 new sheets for SP_M.CU_PG1_11X17.cs (AKIT template likely loaded; CreateCastUnitDrawing did not commit). marks=W10-48
   at System.Environment.GetStackTrace(Exception e, Boolean needFileInfo)
   at System.Environment.get_StackTrace()
   at TeklaExtractor.Services.CivilDrawingSupport.LogError(String outputRoot, String context, Exception ex) in C:\Users\ASUS\Desktop\2d_tekla\Services\CivilDrawingSupport.cs:line 1633
   at TeklaExtractor.Services.LocalDrawingMacroRunner.Fail(String context, Exception ex) in C:\Users\ASUS\Desktop\2d_tekla\Services\LocalDrawingMacroRunner.cs:line 814
   at TeklaExtractor.Services.LocalDrawingMacroRunner.RunMacroOnSelection(List`1 parts, String macroFile, String label) in C:\Users\ASUS\Desktop\2d_tekla\Services\LocalDrawingMacroRunner.cs:line 357
   at TeklaExtractor.Services.LocalDrawingMacroRunner.RunMacroInBatches(List`1 parts, String macroFile, String label) in C:\Users\ASUS\Desktop\2d_tekla\Services\LocalDrawingMacroRunner.cs:line 311
   at TeklaExtractor.Services.LocalDrawingMacroRunner.RunMacros(String markFilter, Boolean smoke, Boolean selectedOnly) in C:\Users\ASUS\Desktop\2d_tekla\Services\LocalDrawingMacroRunner.cs:line 92
   at TeklaExtractor.Services.CivilDrawingBatchExtractor.Run() in C:\Users\ASUS\Desktop\2d_tekla\Services\CivilDrawingBatchExtractor.cs:line 114
   at TeklaExtractor.Program.RunCivilDrawings(Model tekla, String baseDir, String[] args) in C:\Users\ASUS\Desktop\2d_tekla\Program.cs:line 265
   at TeklaExtractor.Program.Main(String[] args) in C:\Users\ASUS\Desktop\2d_tekla\Program.cs:line 155
INFO: P-705 / SLV-76-203 are W8-22 PDF marks. They are not injected into Paisley SHOP.json.
SKIP [UDA] stripping MPa: STRENGTH_28DAY/STRIPPING_STRENGTH/RELEASE_STRENGTH UDAs empty on main parts; 28-day was derived from material 6000 psi. Appendix only.
SKIP [Boolean/Text] corbel: no BooleanPart/Fitting/drawing text/view name containing CORBEL or HAUNCH on the extracted CUs. Appendix only.
SKIP [Rebar] 10M-STR 2620 / 10M-STR 7060 / 15M-STR 2620: Paisley bars use RS10M/RS15M/RB10M marks, not the W8-22 PDF catalogue names. Appendix only.
INFO: P-705 / SLV-76-203 are W8-22 PDF marks. They are not injected into Paisley SHOP.json.
SKIP [UDA] stripping MPa: STRENGTH_28DAY/STRIPPING_STRENGTH/RELEASE_STRENGTH UDAs empty on main parts; 28-day was derived from material 6000 psi. Appendix only.
SKIP [Boolean/Text] corbel: no BooleanPart/Fitting/drawing text/view name containing CORBEL or HAUNCH on the extracted CUs. Appendix only.
SKIP [Rebar] 10M-STR 2620 / 10M-STR 7060 / 15M-STR 2620: Paisley bars use RS10M/RS15M/RB10M marks, not the W8-22 PDF catalogue names. Appendix only.
2026-09-22T11:39:55 FAIL [smoke hardware CU batch 1 0 new sheets] System.InvalidOperationException: RunMacro started but 0 new sheets for SP_M.CU_PG1_11X17.cs (AKIT template likely loaded; CreateCastUnitDrawing did not commit). marks=W10-45
   at System.Environment.GetStackTrace(Exception e, Boolean needFileInfo)
   at System.Environment.get_StackTrace()
   at TeklaExtractor.Services.CivilDrawingSupport.LogError(String outputRoot, String context, Exception ex) in C:\Users\ASUS\Desktop\2d_tekla\Services\CivilDrawingSupport.cs:line 1633
   at TeklaExtractor.Services.LocalDrawingMacroRunner.Fail(String context, Exception ex) in C:\Users\ASUS\Desktop\2d_tekla\Services\LocalDrawingMacroRunner.cs:line 814
   at TeklaExtractor.Services.LocalDrawingMacroRunner.RunMacroOnSelection(List`1 parts, String macroFile, String label) in C:\Users\ASUS\Desktop\2d_tekla\Services\LocalDrawingMacroRunner.cs:line 357
   at TeklaExtractor.Services.LocalDrawingMacroRunner.RunMacroInBatches(List`1 parts, String macroFile, String label) in C:\Users\ASUS\Desktop\2d_tekla\Services\LocalDrawingMacroRunner.cs:line 311
   at TeklaExtractor.Services.LocalDrawingMacroRunner.RunMacros(String markFilter, Boolean smoke, Boolean selectedOnly) in C:\Users\ASUS\Desktop\2d_tekla\Services\LocalDrawingMacroRunner.cs:line 92
   at TeklaExtractor.Services.CivilDrawingBatchExtractor.Run() in C:\Users\ASUS\Desktop\2d_tekla\Services\CivilDrawingBatchExtractor.cs:line 114
   at TeklaExtractor.Program.RunCivilDrawings(Model tekla, String baseDir, String[] args) in C:\Users\ASUS\Desktop\2d_tekla\Program.cs:line 265
   at TeklaExtractor.Program.Main(String[] args) in C:\Users\ASUS\Desktop\2d_tekla\Program.cs:line 155
INFO: P-705 / SLV-76-203 are W8-22 PDF marks. They are not injected into Paisley SHOP.json.
SKIP [UDA] stripping MPa: STRENGTH_28DAY/STRIPPING_STRENGTH/RELEASE_STRENGTH UDAs empty on main parts; 28-day was derived from material 6000 psi. Appendix only.
SKIP [Boolean/Text] corbel: no BooleanPart/Fitting/drawing text/view name containing CORBEL or HAUNCH on the extracted CUs. Appendix only.
SKIP [Rebar] 10M-STR 2620 / 10M-STR 7060 / 15M-STR 2620: Paisley bars use RS10M/RS15M/RB10M marks, not the W8-22 PDF catalogue names. Appendix only.
2026-09-22T11:45:26 FAIL [smoke hardware CU batch 1 0 new sheets] System.InvalidOperationException: RunMacro started but 0 new sheets for SP_M.CU_PG1_11X17.cs (AKIT template likely loaded; CreateCastUnitDrawing did not commit). marks=W10-59
   at System.Environment.GetStackTrace(Exception e, Boolean needFileInfo)
   at System.Environment.get_StackTrace()
   at TeklaExtractor.Services.CivilDrawingSupport.LogError(String outputRoot, String context, Exception ex) in C:\Users\ASUS\Desktop\2d_tekla\Services\CivilDrawingSupport.cs:line 1633
   at TeklaExtractor.Services.LocalDrawingMacroRunner.Fail(String context, Exception ex) in C:\Users\ASUS\Desktop\2d_tekla\Services\LocalDrawingMacroRunner.cs:line 814
   at TeklaExtractor.Services.LocalDrawingMacroRunner.RunMacroOnSelection(List`1 parts, String macroFile, String label) in C:\Users\ASUS\Desktop\2d_tekla\Services\LocalDrawingMacroRunner.cs:line 357
   at TeklaExtractor.Services.LocalDrawingMacroRunner.RunMacroInBatches(List`1 parts, String macroFile, String label) in C:\Users\ASUS\Desktop\2d_tekla\Services\LocalDrawingMacroRunner.cs:line 311
   at TeklaExtractor.Services.LocalDrawingMacroRunner.RunMacros(String markFilter, Boolean smoke, Boolean selectedOnly) in C:\Users\ASUS\Desktop\2d_tekla\Services\LocalDrawingMacroRunner.cs:line 92
   at TeklaExtractor.Services.CivilDrawingBatchExtractor.Run() in C:\Users\ASUS\Desktop\2d_tekla\Services\CivilDrawingBatchExtractor.cs:line 114
   at TeklaExtractor.Program.RunCivilDrawings(Model tekla, String baseDir, String[] args) in C:\Users\ASUS\Desktop\2d_tekla\Program.cs:line 265
   at TeklaExtractor.Program.Main(String[] args) in C:\Users\ASUS\Desktop\2d_tekla\Program.cs:line 155
INFO: P-705 / SLV-76-203 are W8-22 PDF marks. They are not injected into Paisley SHOP.json.
SKIP [UDA] stripping MPa: STRENGTH_28DAY/STRIPPING_STRENGTH/RELEASE_STRENGTH UDAs empty on main parts; 28-day was derived from material 6000 psi. Appendix only.
SKIP [Boolean/Text] corbel: no BooleanPart/Fitting/drawing text/view name containing CORBEL or HAUNCH on the extracted CUs. Appendix only.
SKIP [Rebar] 10M-STR 2620 / 10M-STR 7060 / 15M-STR 2620: Paisley bars use RS10M/RS15M/RB10M marks, not the W8-22 PDF catalogue names. Appendix only.
2026-09-22T11:50:53 FAIL [smoke hardware CU batch 1 0 new sheets] System.InvalidOperationException: RunMacro started but 0 new sheets for SP_M.CU_PG1_11X17.cs (AKIT template likely loaded; CreateCastUnitDrawing did not commit). marks=W10-71
   at System.Environment.GetStackTrace(Exception e, Boolean needFileInfo)
   at System.Environment.get_StackTrace()
   at TeklaExtractor.Services.CivilDrawingSupport.LogError(String outputRoot, String context, Exception ex) in C:\Users\ASUS\Desktop\2d_tekla\Services\CivilDrawingSupport.cs:line 1633
   at TeklaExtractor.Services.LocalDrawingMacroRunner.Fail(String context, Exception ex) in C:\Users\ASUS\Desktop\2d_tekla\Services\LocalDrawingMacroRunner.cs:line 814
   at TeklaExtractor.Services.LocalDrawingMacroRunner.RunMacroOnSelection(List`1 parts, String macroFile, String label) in C:\Users\ASUS\Desktop\2d_tekla\Services\LocalDrawingMacroRunner.cs:line 357
   at TeklaExtractor.Services.LocalDrawingMacroRunner.RunMacroInBatches(List`1 parts, String macroFile, String label) in C:\Users\ASUS\Desktop\2d_tekla\Services\LocalDrawingMacroRunner.cs:line 311
   at TeklaExtractor.Services.LocalDrawingMacroRunner.RunMacros(String markFilter, Boolean smoke, Boolean selectedOnly) in C:\Users\ASUS\Desktop\2d_tekla\Services\LocalDrawingMacroRunner.cs:line 92
   at TeklaExtractor.Services.CivilDrawingBatchExtractor.Run() in C:\Users\ASUS\Desktop\2d_tekla\Services\CivilDrawingBatchExtractor.cs:line 114
   at TeklaExtractor.Program.RunCivilDrawings(Model tekla, String baseDir, String[] args) in C:\Users\ASUS\Desktop\2d_tekla\Program.cs:line 265
   at TeklaExtractor.Program.Main(String[] args) in C:\Users\ASUS\Desktop\2d_tekla\Program.cs:line 155
INFO: P-705 / SLV-76-203 are W8-22 PDF marks. They are not injected into Paisley SHOP.json.
SKIP [UDA] stripping MPa: STRENGTH_28DAY/STRIPPING_STRENGTH/RELEASE_STRENGTH UDAs empty on main parts; 28-day was derived from material 6000 psi. Appendix only.
SKIP [Boolean/Text] corbel: no BooleanPart/Fitting/drawing text/view name containing CORBEL or HAUNCH on the extracted CUs. Appendix only.
SKIP [Rebar] 10M-STR 2620 / 10M-STR 7060 / 15M-STR 2620: Paisley bars use RS10M/RS15M/RB10M marks, not the W8-22 PDF catalogue names. Appendix only.
2026-09-22T11:56:37 FAIL [smoke hardware CU batch 1 0 new sheets] System.InvalidOperationException: RunMacro started but 0 new sheets for SP_M.CU_PG1_11X17.cs (AKIT template likely loaded; CreateCastUnitDrawing did not commit). marks=W10-73
   at System.Environment.GetStackTrace(Exception e, Boolean needFileInfo)
   at System.Environment.get_StackTrace()
   at TeklaExtractor.Services.CivilDrawingSupport.LogError(String outputRoot, String context, Exception ex) in C:\Users\ASUS\Desktop\2d_tekla\Services\CivilDrawingSupport.cs:line 1633
   at TeklaExtractor.Services.LocalDrawingMacroRunner.Fail(String context, Exception ex) in C:\Users\ASUS\Desktop\2d_tekla\Services\LocalDrawingMacroRunner.cs:line 814
   at TeklaExtractor.Services.LocalDrawingMacroRunner.RunMacroOnSelection(List`1 parts, String macroFile, String label) in C:\Users\ASUS\Desktop\2d_tekla\Services\LocalDrawingMacroRunner.cs:line 357
   at TeklaExtractor.Services.LocalDrawingMacroRunner.RunMacroInBatches(List`1 parts, String macroFile, String label) in C:\Users\ASUS\Desktop\2d_tekla\Services\LocalDrawingMacroRunner.cs:line 311
   at TeklaExtractor.Services.LocalDrawingMacroRunner.RunMacros(String markFilter, Boolean smoke, Boolean selectedOnly) in C:\Users\ASUS\Desktop\2d_tekla\Services\LocalDrawingMacroRunner.cs:line 92
   at TeklaExtractor.Services.CivilDrawingBatchExtractor.Run() in C:\Users\ASUS\Desktop\2d_tekla\Services\CivilDrawingBatchExtractor.cs:line 114
   at TeklaExtractor.Program.RunCivilDrawings(Model tekla, String baseDir, String[] args) in C:\Users\ASUS\Desktop\2d_tekla\Program.cs:line 265
   at TeklaExtractor.Program.Main(String[] args) in C:\Users\ASUS\Desktop\2d_tekla\Program.cs:line 155
2026-09-22T11:57:29 SKIP [SheetObjects] One or more errors occurred.
2026-09-22T11:57:29 SKIP [Reinforcement] WALL had 0 rebar after scanning 78 parts
2026-09-22T11:57:29 FAIL [GetDrawings] System.AggregateException: One or more errors occurred.
   at System.Threading.Tasks.Task`1.GetResultCore(Boolean waitCompletionNotification)
   at Tekla.Structures.Drawing.LayoutAttributes.LoadAttributes(String AttributeFile)
   at Tekla.Structures.Drawing.Drawing.GetCorrectInstance(Identifier Identifier, DrawingType DrawingType, Boolean LoadLayoutAttributes)
   at Tekla.Structures.Drawing.DrawingEnumerator.get_Current()
   at TeklaExtractor.Services.CivilDrawingBatchExtractor.ExtractAllDrawings(HashSet`1 seen) in C:\Users\ASUS\Desktop\2d_tekla\Services\CivilDrawingBatchExtractor.cs:line 234
INFO: P-705 / SLV-76-203 are W8-22 PDF marks. They are not injected into Paisley SHOP.json.
SKIP [UDA] stripping MPa: STRENGTH_28DAY/STRIPPING_STRENGTH/RELEASE_STRENGTH UDAs empty on main parts; 28-day was derived from material 6000 psi. Appendix only.
SKIP [Boolean/Text] corbel: no BooleanPart/Fitting/drawing text/view name containing CORBEL or HAUNCH on the extracted CUs. Appendix only.
SKIP [Rebar] 10M-STR 2620 / 10M-STR 7060 / 15M-STR 2620: Paisley bars use RS10M/RS15M/RB10M marks, not the W8-22 PDF catalogue names. Appendix only.
INFO: P-705 / SLV-76-203 are W8-22 PDF marks. They are not injected into Paisley SHOP.json.
SKIP [UDA] stripping MPa: STRENGTH_28DAY/STRIPPING_STRENGTH/RELEASE_STRENGTH UDAs empty on main parts; 28-day was derived from material 6000 psi. Appendix only.
SKIP [Boolean/Text] corbel: no BooleanPart/Fitting/drawing text/view name containing CORBEL or HAUNCH on the extracted CUs. Appendix only.
SKIP [Rebar] 10M-STR 2620 / 10M-STR 7060 / 15M-STR 2620: Paisley bars use RS10M/RS15M/RB10M marks, not the W8-22 PDF catalogue names. Appendix only.
INFO: P-705 / SLV-76-203 are W8-22 PDF marks. They are not injected into Paisley SHOP.json.
SKIP [UDA] stripping MPa: STRENGTH_28DAY/STRIPPING_STRENGTH/RELEASE_STRENGTH UDAs empty on main parts; 28-day was derived from material 6000 psi. Appendix only.
SKIP [Boolean/Text] corbel: no BooleanPart/Fitting/drawing text/view name containing CORBEL or HAUNCH on the extracted CUs. Appendix only.
SKIP [Rebar] 10M-STR 2620 / 10M-STR 7060 / 15M-STR 2620: Paisley bars use RS10M/RS15M/RB10M marks, not the W8-22 PDF catalogue names. Appendix only.
INFO: P-705 / SLV-76-203 are W8-22 PDF marks. They are not injected into Paisley SHOP.json.
SKIP [UDA] stripping MPa: STRENGTH_28DAY/STRIPPING_STRENGTH/RELEASE_STRENGTH UDAs empty on main parts; 28-day was derived from material 6000 psi. Appendix only.
SKIP [Boolean/Text] corbel: no BooleanPart/Fitting/drawing text/view name containing CORBEL or HAUNCH on the extracted CUs. Appendix only.
SKIP [Rebar] 10M-STR 2620 / 10M-STR 7060 / 15M-STR 2620: Paisley bars use RS10M/RS15M/RB10M marks, not the W8-22 PDF catalogue names. Appendix only.
INFO: P-705 / SLV-76-203 are W8-22 PDF marks. They are not injected into Paisley SHOP.json.
SKIP [UDA] stripping MPa: STRENGTH_28DAY/STRIPPING_STRENGTH/RELEASE_STRENGTH UDAs empty on main parts; 28-day was derived from material 6000 psi. Appendix only.
SKIP [Boolean/Text] corbel: no BooleanPart/Fitting/drawing text/view name containing CORBEL or HAUNCH on the extracted CUs. Appendix only.
SKIP [Rebar] 10M-STR 2620 / 10M-STR 7060 / 15M-STR 2620: Paisley bars use RS10M/RS15M/RB10M marks, not the W8-22 PDF catalogue names. Appendix only.
INFO: P-705 / SLV-76-203 are W8-22 PDF marks. They are not injected into Paisley SHOP.json.
SKIP [UDA] stripping MPa: STRENGTH_28DAY/STRIPPING_STRENGTH/RELEASE_STRENGTH UDAs empty on main parts; 28-day was derived from material 6000 psi. Appendix only.
SKIP [Boolean/Text] corbel: no BooleanPart/Fitting/drawing text/view name containing CORBEL or HAUNCH on the extracted CUs. Appendix only.
SKIP [Rebar] 10M-STR 2620 / 10M-STR 7060 / 15M-STR 2620: Paisley bars use RS10M/RS15M/RB10M marks, not the W8-22 PDF catalogue names. Appendix only.
INFO: P-705 / SLV-76-203 are W8-22 PDF marks. They are not injected into Paisley SHOP.json.
SKIP [UDA] stripping MPa: STRENGTH_28DAY/STRIPPING_STRENGTH/RELEASE_STRENGTH UDAs empty on main parts; 28-day was derived from material 6000 psi. Appendix only.
SKIP [Boolean/Text] corbel: no BooleanPart/Fitting/drawing text/view name containing CORBEL or HAUNCH on the extracted CUs. Appendix only.
SKIP [Rebar] 10M-STR 2620 / 10M-STR 7060 / 15M-STR 2620: Paisley bars use RS10M/RS15M/RB10M marks, not the W8-22 PDF catalogue names. Appendix only.
INFO: P-705 / SLV-76-203 are W8-22 PDF marks. They are not injected into Paisley SHOP.json.
SKIP [UDA] stripping MPa: STRENGTH_28DAY/STRIPPING_STRENGTH/RELEASE_STRENGTH UDAs empty on main parts; 28-day was derived from material 6000 psi. Appendix only.
SKIP [Boolean/Text] corbel: no BooleanPart/Fitting/drawing text/view name containing CORBEL or HAUNCH on the extracted CUs. Appendix only.
SKIP [Rebar] 10M-STR 2620 / 10M-STR 7060 / 15M-STR 2620: Paisley bars use RS10M/RS15M/RB10M marks, not the W8-22 PDF catalogue names. Appendix only.
INFO: P-705 / SLV-76-203 are W8-22 PDF marks. They are not injected into Paisley SHOP.json.
SKIP [UDA] stripping MPa: STRENGTH_28DAY/STRIPPING_STRENGTH/RELEASE_STRENGTH UDAs empty on main parts; 28-day was derived from material 6000 psi. Appendix only.
SKIP [Boolean/Text] corbel: no BooleanPart/Fitting/drawing text/view name containing CORBEL or HAUNCH on the extracted CUs. Appendix only.
SKIP [Rebar] 10M-STR 2620 / 10M-STR 7060 / 15M-STR 2620: Paisley bars use RS10M/RS15M/RB10M marks, not the W8-22 PDF catalogue names. Appendix only.
INFO: P-705 / SLV-76-203 are W8-22 PDF marks. They are not injected into Paisley SHOP.json.
SKIP [UDA] stripping MPa: STRENGTH_28DAY/STRIPPING_STRENGTH/RELEASE_STRENGTH UDAs empty on main parts; 28-day was derived from material 6000 psi. Appendix only.
SKIP [Boolean/Text] corbel: no BooleanPart/Fitting/drawing text/view name containing CORBEL or HAUNCH on the extracted CUs. Appendix only.
SKIP [Rebar] 10M-STR 2620 / 10M-STR 7060 / 15M-STR 2620: Paisley bars use RS10M/RS15M/RB10M marks, not the W8-22 PDF catalogue names. Appendix only.
INFO: P-705 / SLV-76-203 are W8-22 PDF marks. They are not injected into Paisley SHOP.json.
SKIP [UDA] stripping MPa: STRENGTH_28DAY/STRIPPING_STRENGTH/RELEASE_STRENGTH UDAs empty on main parts; 28-day was derived from material 6000 psi. Appendix only.
SKIP [Boolean/Text] corbel: no BooleanPart/Fitting/drawing text/view name containing CORBEL or HAUNCH on the extracted CUs. Appendix only.
SKIP [Rebar] 10M-STR 2620 / 10M-STR 7060 / 15M-STR 2620: Paisley bars use RS10M/RS15M/RB10M marks, not the W8-22 PDF catalogue names. Appendix only.
INFO: P-705 / SLV-76-203 are W8-22 PDF marks. They are not injected into Paisley SHOP.json.
SKIP [UDA] stripping MPa: STRENGTH_28DAY/STRIPPING_STRENGTH/RELEASE_STRENGTH UDAs empty on main parts; 28-day was derived from material 6000 psi. Appendix only.
SKIP [Boolean/Text] corbel: no BooleanPart/Fitting/drawing text/view name containing CORBEL or HAUNCH on the extracted CUs. Appendix only.
SKIP [Rebar] 10M-STR 2620 / 10M-STR 7060 / 15M-STR 2620: Paisley bars use RS10M/RS15M/RB10M marks, not the W8-22 PDF catalogue names. Appendix only.
INFO: P-705 / SLV-76-203 are W8-22 PDF marks. They are not injected into Paisley SHOP.json.
SKIP [UDA] stripping MPa: STRENGTH_28DAY/STRIPPING_STRENGTH/RELEASE_STRENGTH UDAs empty on main parts; 28-day was derived from material 6000 psi. Appendix only.
SKIP [Boolean/Text] corbel: no BooleanPart/Fitting/drawing text/view name containing CORBEL or HAUNCH on the extracted CUs. Appendix only.
SKIP [Rebar] 10M-STR 2620 / 10M-STR 7060 / 15M-STR 2620: Paisley bars use RS10M/RS15M/RB10M marks, not the W8-22 PDF catalogue names. Appendix only.
INFO: P-705 / SLV-76-203 are W8-22 PDF marks. They are not injected into Paisley SHOP.json.
SKIP [UDA] stripping MPa: STRENGTH_28DAY/STRIPPING_STRENGTH/RELEASE_STRENGTH UDAs empty on main parts; 28-day was derived from material 6000 psi. Appendix only.
SKIP [Boolean/Text] corbel: no BooleanPart/Fitting/drawing text/view name containing CORBEL or HAUNCH on the extracted CUs. Appendix only.
SKIP [Rebar] 10M-STR 2620 / 10M-STR 7060 / 15M-STR 2620: Paisley bars use RS10M/RS15M/RB10M marks, not the W8-22 PDF catalogue names. Appendix only.
INFO: P-705 / SLV-76-203 are W8-22 PDF marks. They are not injected into Paisley SHOP.json.
SKIP [UDA] stripping MPa: STRENGTH_28DAY/STRIPPING_STRENGTH/RELEASE_STRENGTH UDAs empty on main parts; 28-day was derived from material 6000 psi. Appendix only.
SKIP [Boolean/Text] corbel: no BooleanPart/Fitting/drawing text/view name containing CORBEL or HAUNCH on the extracted CUs. Appendix only.
SKIP [Rebar] 10M-STR 2620 / 10M-STR 7060 / 15M-STR 2620: Paisley bars use RS10M/RS15M/RB10M marks, not the W8-22 PDF catalogue names. Appendix only.
INFO: P-705 / SLV-76-203 are W8-22 PDF marks. They are not injected into Paisley SHOP.json.
SKIP [UDA] stripping MPa: STRENGTH_28DAY/STRIPPING_STRENGTH/RELEASE_STRENGTH UDAs empty on main parts; 28-day was derived from material 6000 psi. Appendix only.
SKIP [Boolean/Text] corbel: no BooleanPart/Fitting/drawing text/view name containing CORBEL or HAUNCH on the extracted CUs. Appendix only.
SKIP [Rebar] 10M-STR 2620 / 10M-STR 7060 / 15M-STR 2620: Paisley bars use RS10M/RS15M/RB10M marks, not the W8-22 PDF catalogue names. Appendix only.
INFO: P-705 / SLV-76-203 are W8-22 PDF marks. They are not injected into Paisley SHOP.json.
SKIP [UDA] stripping MPa: STRENGTH_28DAY/STRIPPING_STRENGTH/RELEASE_STRENGTH UDAs empty on main parts; 28-day was derived from material 6000 psi. Appendix only.
SKIP [Boolean/Text] corbel: no BooleanPart/Fitting/drawing text/view name containing CORBEL or HAUNCH on the extracted CUs. Appendix only.
SKIP [Rebar] 10M-STR 2620 / 10M-STR 7060 / 15M-STR 2620: Paisley bars use RS10M/RS15M/RB10M marks, not the W8-22 PDF catalogue names. Appendix only.
INFO: P-705 / SLV-76-203 are W8-22 PDF marks. They are not injected into Paisley SHOP.json.
SKIP [UDA] stripping MPa: STRENGTH_28DAY/STRIPPING_STRENGTH/RELEASE_STRENGTH UDAs empty on main parts; 28-day was derived from material 6000 psi. Appendix only.
SKIP [Boolean/Text] corbel: no BooleanPart/Fitting/drawing text/view name containing CORBEL or HAUNCH on the extracted CUs. Appendix only.
SKIP [Rebar] 10M-STR 2620 / 10M-STR 7060 / 15M-STR 2620: Paisley bars use RS10M/RS15M/RB10M marks, not the W8-22 PDF catalogue names. Appendix only.
INFO: P-705 / SLV-76-203 are W8-22 PDF marks. They are not injected into Paisley SHOP.json.
SKIP [UDA] stripping MPa: STRENGTH_28DAY/STRIPPING_STRENGTH/RELEASE_STRENGTH UDAs empty on main parts; 28-day was derived from material 6000 psi. Appendix only.
SKIP [Boolean/Text] corbel: no BooleanPart/Fitting/drawing text/view name containing CORBEL or HAUNCH on the extracted CUs. Appendix only.
SKIP [Rebar] 10M-STR 2620 / 10M-STR 7060 / 15M-STR 2620: Paisley bars use RS10M/RS15M/RB10M marks, not the W8-22 PDF catalogue names. Appendix only.
INFO: P-705 / SLV-76-203 are W8-22 PDF marks. They are not injected into Paisley SHOP.json.
SKIP [UDA] stripping MPa: STRENGTH_28DAY/STRIPPING_STRENGTH/RELEASE_STRENGTH UDAs empty on main parts; 28-day was derived from material 6000 psi. Appendix only.
SKIP [Boolean/Text] corbel: no BooleanPart/Fitting/drawing text/view name containing CORBEL or HAUNCH on the extracted CUs. Appendix only.
SKIP [Rebar] 10M-STR 2620 / 10M-STR 7060 / 15M-STR 2620: Paisley bars use RS10M/RS15M/RB10M marks, not the W8-22 PDF catalogue names. Appendix only.
INFO: P-705 / SLV-76-203 are W8-22 PDF marks. They are not injected into Paisley SHOP.json.
SKIP [UDA] stripping MPa: STRENGTH_28DAY/STRIPPING_STRENGTH/RELEASE_STRENGTH UDAs empty on main parts; 28-day was derived from material 6000 psi. Appendix only.
SKIP [Boolean/Text] corbel: no BooleanPart/Fitting/drawing text/view name containing CORBEL or HAUNCH on the extracted CUs. Appendix only.
SKIP [Rebar] 10M-STR 2620 / 10M-STR 7060 / 15M-STR 2620: Paisley bars use RS10M/RS15M/RB10M marks, not the W8-22 PDF catalogue names. Appendix only.
INFO: P-705 / SLV-76-203 are W8-22 PDF marks. They are not injected into Paisley SHOP.json.
SKIP [UDA] stripping MPa: STRENGTH_28DAY/STRIPPING_STRENGTH/RELEASE_STRENGTH UDAs empty on main parts; 28-day was derived from material 6000 psi. Appendix only.
SKIP [Boolean/Text] corbel: no BooleanPart/Fitting/drawing text/view name containing CORBEL or HAUNCH on the extracted CUs. Appendix only.
SKIP [Rebar] 10M-STR 2620 / 10M-STR 7060 / 15M-STR 2620: Paisley bars use RS10M/RS15M/RB10M marks, not the W8-22 PDF catalogue names. Appendix only.
INFO: P-705 / SLV-76-203 are W8-22 PDF marks. They are not injected into Paisley SHOP.json.
SKIP [UDA] stripping MPa: STRENGTH_28DAY/STRIPPING_STRENGTH/RELEASE_STRENGTH UDAs empty on main parts; 28-day was derived from material 6000 psi. Appendix only.
SKIP [Boolean/Text] corbel: no BooleanPart/Fitting/drawing text/view name containing CORBEL or HAUNCH on the extracted CUs. Appendix only.
SKIP [Rebar] 10M-STR 2620 / 10M-STR 7060 / 15M-STR 2620: Paisley bars use RS10M/RS15M/RB10M marks, not the W8-22 PDF catalogue names. Appendix only.
INFO: P-705 / SLV-76-203 are W8-22 PDF marks. They are not injected into Paisley SHOP.json.
SKIP [UDA] stripping MPa: STRENGTH_28DAY/STRIPPING_STRENGTH/RELEASE_STRENGTH UDAs empty on main parts; 28-day was derived from material 6000 psi. Appendix only.
SKIP [Boolean/Text] corbel: no BooleanPart/Fitting/drawing text/view name containing CORBEL or HAUNCH on the extracted CUs. Appendix only.
SKIP [Rebar] 10M-STR 2620 / 10M-STR 7060 / 15M-STR 2620: Paisley bars use RS10M/RS15M/RB10M marks, not the W8-22 PDF catalogue names. Appendix only.
INFO: P-705 / SLV-76-203 are W8-22 PDF marks. They are not injected into Paisley SHOP.json.
SKIP [UDA] stripping MPa: STRENGTH_28DAY/STRIPPING_STRENGTH/RELEASE_STRENGTH UDAs empty on main parts; 28-day was derived from material 6000 psi. Appendix only.
SKIP [Boolean/Text] corbel: no BooleanPart/Fitting/drawing text/view name containing CORBEL or HAUNCH on the extracted CUs. Appendix only.
SKIP [Rebar] 10M-STR 2620 / 10M-STR 7060 / 15M-STR 2620: Paisley bars use RS10M/RS15M/RB10M marks, not the W8-22 PDF catalogue names. Appendix only.
INFO: P-705 / SLV-76-203 are W8-22 PDF marks. They are not injected into Paisley SHOP.json.
SKIP [UDA] stripping MPa: STRENGTH_28DAY/STRIPPING_STRENGTH/RELEASE_STRENGTH UDAs empty on main parts; 28-day was derived from material 6000 psi. Appendix only.
SKIP [Boolean/Text] corbel: no BooleanPart/Fitting/drawing text/view name containing CORBEL or HAUNCH on the extracted CUs. Appendix only.
SKIP [Rebar] 10M-STR 2620 / 10M-STR 7060 / 15M-STR 2620: Paisley bars use RS10M/RS15M/RB10M marks, not the W8-22 PDF catalogue names. Appendix only.
INFO: P-705 / SLV-76-203 are W8-22 PDF marks. They are not injected into Paisley SHOP.json.
SKIP [UDA] stripping MPa: STRENGTH_28DAY/STRIPPING_STRENGTH/RELEASE_STRENGTH UDAs empty on main parts; 28-day was derived from material 6000 psi. Appendix only.
SKIP [Boolean/Text] corbel: no BooleanPart/Fitting/drawing text/view name containing CORBEL or HAUNCH on the extracted CUs. Appendix only.
SKIP [Rebar] 10M-STR 2620 / 10M-STR 7060 / 15M-STR 2620: Paisley bars use RS10M/RS15M/RB10M marks, not the W8-22 PDF catalogue names. Appendix only.
INFO: P-705 / SLV-76-203 are W8-22 PDF marks. They are not injected into Paisley SHOP.json.
SKIP [UDA] stripping MPa: STRENGTH_28DAY/STRIPPING_STRENGTH/RELEASE_STRENGTH UDAs empty on main parts; 28-day was derived from material 6000 psi. Appendix only.
SKIP [Boolean/Text] corbel: no BooleanPart/Fitting/drawing text/view name containing CORBEL or HAUNCH on the extracted CUs. Appendix only.
SKIP [Rebar] 10M-STR 2620 / 10M-STR 7060 / 15M-STR 2620: Paisley bars use RS10M/RS15M/RB10M marks, not the W8-22 PDF catalogue names. Appendix only.
INFO: P-705 / SLV-76-203 are W8-22 PDF marks. They are not injected into Paisley SHOP.json.
SKIP [UDA] stripping MPa: STRENGTH_28DAY/STRIPPING_STRENGTH/RELEASE_STRENGTH UDAs empty on main parts; 28-day was derived from material 6000 psi. Appendix only.
SKIP [Boolean/Text] corbel: no BooleanPart/Fitting/drawing text/view name containing CORBEL or HAUNCH on the extracted CUs. Appendix only.
SKIP [Rebar] 10M-STR 2620 / 10M-STR 7060 / 15M-STR 2620: Paisley bars use RS10M/RS15M/RB10M marks, not the W8-22 PDF catalogue names. Appendix only.
INFO: P-705 / SLV-76-203 are W8-22 PDF marks. They are not injected into Paisley SHOP.json.
SKIP [UDA] stripping MPa: STRENGTH_28DAY/STRIPPING_STRENGTH/RELEASE_STRENGTH UDAs empty on main parts; 28-day was derived from material 6000 psi. Appendix only.
SKIP [Boolean/Text] corbel: no BooleanPart/Fitting/drawing text/view name containing CORBEL or HAUNCH on the extracted CUs. Appendix only.
SKIP [Rebar] 10M-STR 2620 / 10M-STR 7060 / 15M-STR 2620: Paisley bars use RS10M/RS15M/RB10M marks, not the W8-22 PDF catalogue names. Appendix only.
INFO: P-705 / SLV-76-203 are W8-22 PDF marks. They are not injected into Paisley SHOP.json.
SKIP [UDA] stripping MPa: STRENGTH_28DAY/STRIPPING_STRENGTH/RELEASE_STRENGTH UDAs empty on main parts; 28-day was derived from material 6000 psi. Appendix only.
SKIP [Boolean/Text] corbel: no BooleanPart/Fitting/drawing text/view name containing CORBEL or HAUNCH on the extracted CUs. Appendix only.
SKIP [Rebar] 10M-STR 2620 / 10M-STR 7060 / 15M-STR 2620: Paisley bars use RS10M/RS15M/RB10M marks, not the W8-22 PDF catalogue names. Appendix only.
INFO: P-705 / SLV-76-203 are W8-22 PDF marks. They are not injected into Paisley SHOP.json.
SKIP [UDA] stripping MPa: STRENGTH_28DAY/STRIPPING_STRENGTH/RELEASE_STRENGTH UDAs empty on main parts; 28-day was derived from material 6000 psi. Appendix only.
SKIP [Boolean/Text] corbel: no BooleanPart/Fitting/drawing text/view name containing CORBEL or HAUNCH on the extracted CUs. Appendix only.
SKIP [Rebar] 10M-STR 2620 / 10M-STR 7060 / 15M-STR 2620: Paisley bars use RS10M/RS15M/RB10M marks, not the W8-22 PDF catalogue names. Appendix only.
INFO: P-705 / SLV-76-203 are W8-22 PDF marks. They are not injected into Paisley SHOP.json.
SKIP [UDA] stripping MPa: STRENGTH_28DAY/STRIPPING_STRENGTH/RELEASE_STRENGTH UDAs empty on main parts; 28-day was derived from material 6000 psi. Appendix only.
SKIP [Boolean/Text] corbel: no BooleanPart/Fitting/drawing text/view name containing CORBEL or HAUNCH on the extracted CUs. Appendix only.
SKIP [Rebar] 10M-STR 2620 / 10M-STR 7060 / 15M-STR 2620: Paisley bars use RS10M/RS15M/RB10M marks, not the W8-22 PDF catalogue names. Appendix only.
INFO: P-705 / SLV-76-203 are W8-22 PDF marks. They are not injected into Paisley SHOP.json.
SKIP [UDA] stripping MPa: STRENGTH_28DAY/STRIPPING_STRENGTH/RELEASE_STRENGTH UDAs empty on main parts; 28-day was derived from material 6000 psi. Appendix only.
SKIP [Boolean/Text] corbel: no BooleanPart/Fitting/drawing text/view name containing CORBEL or HAUNCH on the extracted CUs. Appendix only.
SKIP [Rebar] 10M-STR 2620 / 10M-STR 7060 / 15M-STR 2620: Paisley bars use RS10M/RS15M/RB10M marks, not the W8-22 PDF catalogue names. Appendix only.
INFO: P-705 / SLV-76-203 are W8-22 PDF marks. They are not injected into Paisley SHOP.json.
SKIP [UDA] stripping MPa: STRENGTH_28DAY/STRIPPING_STRENGTH/RELEASE_STRENGTH UDAs empty on main parts; 28-day was derived from material 6000 psi. Appendix only.
SKIP [Boolean/Text] corbel: no BooleanPart/Fitting/drawing text/view name containing CORBEL or HAUNCH on the extracted CUs. Appendix only.
SKIP [Rebar] 10M-STR 2620 / 10M-STR 7060 / 15M-STR 2620: Paisley bars use RS10M/RS15M/RB10M marks, not the W8-22 PDF catalogue names. Appendix only.
INFO: P-705 / SLV-76-203 are W8-22 PDF marks. They are not injected into Paisley SHOP.json.
SKIP [UDA] stripping MPa: STRENGTH_28DAY/STRIPPING_STRENGTH/RELEASE_STRENGTH UDAs empty on main parts; 28-day was derived from material 6000 psi. Appendix only.
SKIP [Boolean/Text] corbel: no BooleanPart/Fitting/drawing text/view name containing CORBEL or HAUNCH on the extracted CUs. Appendix only.
SKIP [Rebar] 10M-STR 2620 / 10M-STR 7060 / 15M-STR 2620: Paisley bars use RS10M/RS15M/RB10M marks, not the W8-22 PDF catalogue names. Appendix only.
INFO: P-705 / SLV-76-203 are W8-22 PDF marks. They are not injected into Paisley SHOP.json.
SKIP [UDA] stripping MPa: STRENGTH_28DAY/STRIPPING_STRENGTH/RELEASE_STRENGTH UDAs empty on main parts; 28-day was derived from material 6000 psi. Appendix only.
SKIP [Boolean/Text] corbel: no BooleanPart/Fitting/drawing text/view name containing CORBEL or HAUNCH on the extracted CUs. Appendix only.
SKIP [Rebar] 10M-STR 2620 / 10M-STR 7060 / 15M-STR 2620: Paisley bars use RS10M/RS15M/RB10M marks, not the W8-22 PDF catalogue names. Appendix only.
INFO: P-705 / SLV-76-203 are W8-22 PDF marks. They are not injected into Paisley SHOP.json.
SKIP [UDA] stripping MPa: STRENGTH_28DAY/STRIPPING_STRENGTH/RELEASE_STRENGTH UDAs empty on main parts; 28-day was derived from material 6000 psi. Appendix only.
SKIP [Boolean/Text] corbel: no BooleanPart/Fitting/drawing text/view name containing CORBEL or HAUNCH on the extracted CUs. Appendix only.
SKIP [Rebar] 10M-STR 2620 / 10M-STR 7060 / 15M-STR 2620: Paisley bars use RS10M/RS15M/RB10M marks, not the W8-22 PDF catalogue names. Appendix only.
INFO: P-705 / SLV-76-203 are W8-22 PDF marks. They are not injected into Paisley SHOP.json.
SKIP [UDA] stripping MPa: STRENGTH_28DAY/STRIPPING_STRENGTH/RELEASE_STRENGTH UDAs empty on main parts; 28-day was derived from material 6000 psi. Appendix only.
SKIP [Boolean/Text] corbel: no BooleanPart/Fitting/drawing text/view name containing CORBEL or HAUNCH on the extracted CUs. Appendix only.
SKIP [Rebar] 10M-STR 2620 / 10M-STR 7060 / 15M-STR 2620: Paisley bars use RS10M/RS15M/RB10M marks, not the W8-22 PDF catalogue names. Appendix only.
INFO: P-705 / SLV-76-203 are W8-22 PDF marks. They are not injected into Paisley SHOP.json.
SKIP [UDA] stripping MPa: STRENGTH_28DAY/STRIPPING_STRENGTH/RELEASE_STRENGTH UDAs empty on main parts; 28-day was derived from material 6000 psi. Appendix only.
SKIP [Boolean/Text] corbel: no BooleanPart/Fitting/drawing text/view name containing CORBEL or HAUNCH on the extracted CUs. Appendix only.
SKIP [Rebar] 10M-STR 2620 / 10M-STR 7060 / 15M-STR 2620: Paisley bars use RS10M/RS15M/RB10M marks, not the W8-22 PDF catalogue names. Appendix only.
INFO: P-705 / SLV-76-203 are W8-22 PDF marks. They are not injected into Paisley SHOP.json.
SKIP [UDA] stripping MPa: STRENGTH_28DAY/STRIPPING_STRENGTH/RELEASE_STRENGTH UDAs empty on main parts; 28-day was derived from material 6000 psi. Appendix only.
SKIP [Boolean/Text] corbel: no BooleanPart/Fitting/drawing text/view name containing CORBEL or HAUNCH on the extracted CUs. Appendix only.
SKIP [Rebar] 10M-STR 2620 / 10M-STR 7060 / 15M-STR 2620: Paisley bars use RS10M/RS15M/RB10M marks, not the W8-22 PDF catalogue names. Appendix only.
INFO: P-705 / SLV-76-203 are W8-22 PDF marks. They are not injected into Paisley SHOP.json.
SKIP [UDA] stripping MPa: STRENGTH_28DAY/STRIPPING_STRENGTH/RELEASE_STRENGTH UDAs empty on main parts; 28-day was derived from material 6000 psi. Appendix only.
SKIP [Boolean/Text] corbel: no BooleanPart/Fitting/drawing text/view name containing CORBEL or HAUNCH on the extracted CUs. Appendix only.
SKIP [Rebar] 10M-STR 2620 / 10M-STR 7060 / 15M-STR 2620: Paisley bars use RS10M/RS15M/RB10M marks, not the W8-22 PDF catalogue names. Appendix only.
INFO: P-705 / SLV-76-203 are W8-22 PDF marks. They are not injected into Paisley SHOP.json.
SKIP [UDA] stripping MPa: STRENGTH_28DAY/STRIPPING_STRENGTH/RELEASE_STRENGTH UDAs empty on main parts; 28-day was derived from material 6000 psi. Appendix only.
SKIP [Boolean/Text] corbel: no BooleanPart/Fitting/drawing text/view name containing CORBEL or HAUNCH on the extracted CUs. Appendix only.
SKIP [Rebar] 10M-STR 2620 / 10M-STR 7060 / 15M-STR 2620: Paisley bars use RS10M/RS15M/RB10M marks, not the W8-22 PDF catalogue names. Appendix only.
2026-10-02T12:22:06 FAIL [smoke hardware CU batch 1 0 new sheets] System.InvalidOperationException: RunMacro started but 0 new sheets for SP_M.CU_PG1_11X17.cs (AKIT template likely loaded; CreateCastUnitDrawing did not commit). marks=W10-175
   at System.Environment.GetStackTrace(Exception e, Boolean needFileInfo)
   at System.Environment.get_StackTrace()
   at TeklaExtractor.Services.CivilDrawingSupport.LogError(String outputRoot, String context, Exception ex) in C:\Users\ASUS\Desktop\2d_tekla\Services\CivilDrawingSupport.cs:line 1633
   at TeklaExtractor.Services.LocalDrawingMacroRunner.Fail(String context, Exception ex) in C:\Users\ASUS\Desktop\2d_tekla\Services\LocalDrawingMacroRunner.cs:line 880
   at TeklaExtractor.Services.LocalDrawingMacroRunner.RunMacroOnSelection(List`1 parts, String macroFile, String label) in C:\Users\ASUS\Desktop\2d_tekla\Services\LocalDrawingMacroRunner.cs:line 358
   at TeklaExtractor.Services.LocalDrawingMacroRunner.RunMacroInBatches(List`1 parts, String macroFile, String label) in C:\Users\ASUS\Desktop\2d_tekla\Services\LocalDrawingMacroRunner.cs:line 312
   at TeklaExtractor.Services.LocalDrawingMacroRunner.RunMacros(String markFilter, Boolean smoke, Boolean selectedOnly) in C:\Users\ASUS\Desktop\2d_tekla\Services\LocalDrawingMacroRunner.cs:line 93
   at TeklaExtractor.Services.CivilDrawingBatchExtractor.Run() in C:\Users\ASUS\Desktop\2d_tekla\Services\CivilDrawingBatchExtractor.cs:line 118
   at TeklaExtractor.Program.RunCivilDrawings(Model tekla, String baseDir, String[] args) in C:\Users\ASUS\Desktop\2d_tekla\Program.cs:line 268
   at TeklaExtractor.Program.Main(String[] args) in C:\Users\ASUS\Desktop\2d_tekla\Program.cs:line 156
2026-10-02T12:22:29 FAIL [smoke rebar placing CU batch 1 0 new sheets] System.InvalidOperationException: RunMacro started but 0 new sheets for SP_M.CU_PG2_11X17.cs (AKIT template likely loaded; CreateCastUnitDrawing did not commit). marks=W10-175
   at System.Environment.GetStackTrace(Exception e, Boolean needFileInfo)
   at System.Environment.get_StackTrace()
   at TeklaExtractor.Services.CivilDrawingSupport.LogError(String outputRoot, String context, Exception ex) in C:\Users\ASUS\Desktop\2d_tekla\Services\CivilDrawingSupport.cs:line 1633
   at TeklaExtractor.Services.LocalDrawingMacroRunner.Fail(String context, Exception ex) in C:\Users\ASUS\Desktop\2d_tekla\Services\LocalDrawingMacroRunner.cs:line 880
   at TeklaExtractor.Services.LocalDrawingMacroRunner.RunMacroOnSelection(List`1 parts, String macroFile, String label) in C:\Users\ASUS\Desktop\2d_tekla\Services\LocalDrawingMacroRunner.cs:line 358
   at TeklaExtractor.Services.LocalDrawingMacroRunner.RunMacroInBatches(List`1 parts, String macroFile, String label) in C:\Users\ASUS\Desktop\2d_tekla\Services\LocalDrawingMacroRunner.cs:line 312
   at TeklaExtractor.Services.LocalDrawingMacroRunner.RunMacros(String markFilter, Boolean smoke, Boolean selectedOnly) in C:\Users\ASUS\Desktop\2d_tekla\Services\LocalDrawingMacroRunner.cs:line 94
   at TeklaExtractor.Services.CivilDrawingBatchExtractor.Run() in C:\Users\ASUS\Desktop\2d_tekla\Services\CivilDrawingBatchExtractor.cs:line 118
   at TeklaExtractor.Program.RunCivilDrawings(Model tekla, String baseDir, String[] args) in C:\Users\ASUS\Desktop\2d_tekla\Program.cs:line 268
   at TeklaExtractor.Program.Main(String[] args) in C:\Users\ASUS\Desktop\2d_tekla\Program.cs:line 156
2026-10-02T12:22:50 FAIL [smoke rebar table CU batch 1 0 new sheets] System.InvalidOperationException: RunMacro started but 0 new sheets for SP_M.CU_PG3_11X17.cs (AKIT template likely loaded; CreateCastUnitDrawing did not commit). marks=W10-175
   at System.Environment.GetStackTrace(Exception e, Boolean needFileInfo)
   at System.Environment.get_StackTrace()
   at TeklaExtractor.Services.CivilDrawingSupport.LogError(String outputRoot, String context, Exception ex) in C:\Users\ASUS\Desktop\2d_tekla\Services\CivilDrawingSupport.cs:line 1633
   at TeklaExtractor.Services.LocalDrawingMacroRunner.Fail(String context, Exception ex) in C:\Users\ASUS\Desktop\2d_tekla\Services\LocalDrawingMacroRunner.cs:line 880
   at TeklaExtractor.Services.LocalDrawingMacroRunner.RunMacroOnSelection(List`1 parts, String macroFile, String label) in C:\Users\ASUS\Desktop\2d_tekla\Services\LocalDrawingMacroRunner.cs:line 358
   at TeklaExtractor.Services.LocalDrawingMacroRunner.RunMacroInBatches(List`1 parts, String macroFile, String label) in C:\Users\ASUS\Desktop\2d_tekla\Services\LocalDrawingMacroRunner.cs:line 312
   at TeklaExtractor.Services.LocalDrawingMacroRunner.RunMacros(String markFilter, Boolean smoke, Boolean selectedOnly) in C:\Users\ASUS\Desktop\2d_tekla\Services\LocalDrawingMacroRunner.cs:line 95
   at TeklaExtractor.Services.CivilDrawingBatchExtractor.Run() in C:\Users\ASUS\Desktop\2d_tekla\Services\CivilDrawingBatchExtractor.cs:line 118
   at TeklaExtractor.Program.RunCivilDrawings(Model tekla, String baseDir, String[] args) in C:\Users\ASUS\Desktop\2d_tekla\Program.cs:line 268
   at TeklaExtractor.Program.Main(String[] args) in C:\Users\ASUS\Desktop\2d_tekla\Program.cs:line 156
INFO: P-705 / SLV-76-203 are W8-22 PDF marks. They are not injected into Paisley SHOP.json.
SKIP [UDA] stripping MPa: STRENGTH_28DAY/STRIPPING_STRENGTH/RELEASE_STRENGTH UDAs empty on main parts; 28-day was derived from material 6000 psi. Appendix only.
SKIP [Boolean/Text] corbel: no BooleanPart/Fitting/drawing text/view name containing CORBEL or HAUNCH on the extracted CUs. Appendix only.
SKIP [Rebar] 10M-STR 2620 / 10M-STR 7060 / 15M-STR 2620: Paisley bars use RS10M/RS15M/RB10M marks, not the W8-22 PDF catalogue names. Appendix only.
INFO: P-705 / SLV-76-203 are W8-22 PDF marks. They are not injected into Paisley SHOP.json.
SKIP [UDA] stripping MPa: STRENGTH_28DAY/STRIPPING_STRENGTH/RELEASE_STRENGTH UDAs empty on main parts; 28-day was derived from material 6000 psi. Appendix only.
SKIP [Boolean/Text] corbel: no BooleanPart/Fitting/drawing text/view name containing CORBEL or HAUNCH on the extracted CUs. Appendix only.
SKIP [Rebar] 10M-STR 2620 / 10M-STR 7060 / 15M-STR 2620: Paisley bars use RS10M/RS15M/RB10M marks, not the W8-22 PDF catalogue names. Appendix only.
INFO: P-705 / SLV-76-203 are W8-22 PDF marks. They are not injected into Paisley SHOP.json.
SKIP [UDA] stripping MPa: STRENGTH_28DAY/STRIPPING_STRENGTH/RELEASE_STRENGTH UDAs empty on main parts; 28-day was derived from material 6000 psi. Appendix only.
SKIP [Boolean/Text] corbel: no BooleanPart/Fitting/drawing text/view name containing CORBEL or HAUNCH on the extracted CUs. Appendix only.
SKIP [Rebar] 10M-STR 2620 / 10M-STR 7060 / 15M-STR 2620: Paisley bars use RS10M/RS15M/RB10M marks, not the W8-22 PDF catalogue names. Appendix only.
INFO: P-705 / SLV-76-203 are W8-22 PDF marks. They are not injected into Paisley SHOP.json.
SKIP [UDA] stripping MPa: STRENGTH_28DAY/STRIPPING_STRENGTH/RELEASE_STRENGTH UDAs empty on main parts; 28-day was derived from material 6000 psi. Appendix only.
SKIP [Boolean/Text] corbel: no BooleanPart/Fitting/drawing text/view name containing CORBEL or HAUNCH on the extracted CUs. Appendix only.
SKIP [Rebar] 10M-STR 2620 / 10M-STR 7060 / 15M-STR 2620: Paisley bars use RS10M/RS15M/RB10M marks, not the W8-22 PDF catalogue names. Appendix only.
INFO: P-705 / SLV-76-203 are W8-22 PDF marks. They are not injected into Paisley SHOP.json.
SKIP [UDA] stripping MPa: STRENGTH_28DAY/STRIPPING_STRENGTH/RELEASE_STRENGTH UDAs empty on main parts; 28-day was derived from material 6000 psi. Appendix only.
SKIP [Boolean/Text] corbel: no BooleanPart/Fitting/drawing text/view name containing CORBEL or HAUNCH on the extracted CUs. Appendix only.
SKIP [Rebar] 10M-STR 2620 / 10M-STR 7060 / 15M-STR 2620: Paisley bars use RS10M/RS15M/RB10M marks, not the W8-22 PDF catalogue names. Appendix only.
INFO: P-705 / SLV-76-203 are W8-22 PDF marks. They are not injected into Paisley SHOP.json.
SKIP [UDA] stripping MPa: STRENGTH_28DAY/STRIPPING_STRENGTH/RELEASE_STRENGTH UDAs empty on main parts; 28-day was derived from material 6000 psi. Appendix only.
SKIP [Boolean/Text] corbel: no BooleanPart/Fitting/drawing text/view name containing CORBEL or HAUNCH on the extracted CUs. Appendix only.
SKIP [Rebar] 10M-STR 2620 / 10M-STR 7060 / 15M-STR 2620: Paisley bars use RS10M/RS15M/RB10M marks, not the W8-22 PDF catalogue names. Appendix only.
INFO: P-705 / SLV-76-203 are W8-22 PDF marks. They are not injected into Paisley SHOP.json.
SKIP [UDA] stripping MPa: STRENGTH_28DAY/STRIPPING_STRENGTH/RELEASE_STRENGTH UDAs empty on main parts; 28-day was derived from material 6000 psi. Appendix only.
SKIP [Boolean/Text] corbel: no BooleanPart/Fitting/drawing text/view name containing CORBEL or HAUNCH on the extracted CUs. Appendix only.
SKIP [Rebar] 10M-STR 2620 / 10M-STR 7060 / 15M-STR 2620: Paisley bars use RS10M/RS15M/RB10M marks, not the W8-22 PDF catalogue names. Appendix only.
INFO: P-705 / SLV-76-203 are W8-22 PDF marks. They are not injected into Paisley SHOP.json.
SKIP [UDA] stripping MPa: STRENGTH_28DAY/STRIPPING_STRENGTH/RELEASE_STRENGTH UDAs empty on main parts; 28-day was derived from material 6000 psi. Appendix only.
SKIP [Boolean/Text] corbel: no BooleanPart/Fitting/drawing text/view name containing CORBEL or HAUNCH on the extracted CUs. Appendix only.
SKIP [Rebar] 10M-STR 2620 / 10M-STR 7060 / 15M-STR 2620: Paisley bars use RS10M/RS15M/RB10M marks, not the W8-22 PDF catalogue names. Appendix only.
INFO: P-705 / SLV-76-203 are W8-22 PDF marks. They are not injected into Paisley SHOP.json.
SKIP [UDA] stripping MPa: STRENGTH_28DAY/STRIPPING_STRENGTH/RELEASE_STRENGTH UDAs empty on main parts; 28-day was derived from material 6000 psi. Appendix only.
SKIP [Boolean/Text] corbel: no BooleanPart/Fitting/drawing text/view name containing CORBEL or HAUNCH on the extracted CUs. Appendix only.
SKIP [Rebar] 10M-STR 2620 / 10M-STR 7060 / 15M-STR 2620: Paisley bars use RS10M/RS15M/RB10M marks, not the W8-22 PDF catalogue names. Appendix only.
INFO: P-705 / SLV-76-203 are W8-22 PDF marks. They are not injected into Paisley SHOP.json.
SKIP [UDA] stripping MPa: STRENGTH_28DAY/STRIPPING_STRENGTH/RELEASE_STRENGTH UDAs empty on main parts; 28-day was derived from material 6000 psi. Appendix only.
SKIP [Boolean/Text] corbel: no BooleanPart/Fitting/drawing text/view name containing CORBEL or HAUNCH on the extracted CUs. Appendix only.
SKIP [Rebar] 10M-STR 2620 / 10M-STR 7060 / 15M-STR 2620: Paisley bars use RS10M/RS15M/RB10M marks, not the W8-22 PDF catalogue names. Appendix only.
INFO: P-705 / SLV-76-203 are W8-22 PDF marks. They are not injected into Paisley SHOP.json.
SKIP [UDA] stripping MPa: STRENGTH_28DAY/STRIPPING_STRENGTH/RELEASE_STRENGTH UDAs empty on main parts; 28-day was derived from material 6000 psi. Appendix only.
SKIP [Boolean/Text] corbel: no BooleanPart/Fitting/drawing text/view name containing CORBEL or HAUNCH on the extracted CUs. Appendix only.
SKIP [Rebar] 10M-STR 2620 / 10M-STR 7060 / 15M-STR 2620: Paisley bars use RS10M/RS15M/RB10M marks, not the W8-22 PDF catalogue names. Appendix only.
INFO: P-705 / SLV-76-203 are W8-22 PDF marks. They are not injected into Paisley SHOP.json.
SKIP [UDA] stripping MPa: STRENGTH_28DAY/STRIPPING_STRENGTH/RELEASE_STRENGTH UDAs empty on main parts; 28-day was derived from material 6000 psi. Appendix only.
SKIP [Boolean/Text] corbel: no BooleanPart/Fitting/drawing text/view name containing CORBEL or HAUNCH on the extracted CUs. Appendix only.
SKIP [Rebar] 10M-STR 2620 / 10M-STR 7060 / 15M-STR 2620: Paisley bars use RS10M/RS15M/RB10M marks, not the W8-22 PDF catalogue names. Appendix only.
INFO: P-705 / SLV-76-203 are W8-22 PDF marks. They are not injected into Paisley SHOP.json.
SKIP [UDA] stripping MPa: STRENGTH_28DAY/STRIPPING_STRENGTH/RELEASE_STRENGTH UDAs empty on main parts; 28-day was derived from material 6000 psi. Appendix only.
SKIP [Boolean/Text] corbel: no BooleanPart/Fitting/drawing text/view name containing CORBEL or HAUNCH on the extracted CUs. Appendix only.
SKIP [Rebar] 10M-STR 2620 / 10M-STR 7060 / 15M-STR 2620: Paisley bars use RS10M/RS15M/RB10M marks, not the W8-22 PDF catalogue names. Appendix only.
INFO: P-705 / SLV-76-203 are W8-22 PDF marks. They are not injected into Paisley SHOP.json.
SKIP [UDA] stripping MPa: STRENGTH_28DAY/STRIPPING_STRENGTH/RELEASE_STRENGTH UDAs empty on main parts; 28-day was derived from material 6000 psi. Appendix only.
SKIP [Boolean/Text] corbel: no BooleanPart/Fitting/drawing text/view name containing CORBEL or HAUNCH on the extracted CUs. Appendix only.
SKIP [Rebar] 10M-STR 2620 / 10M-STR 7060 / 15M-STR 2620: Paisley bars use RS10M/RS15M/RB10M marks, not the W8-22 PDF catalogue names. Appendix only.
INFO: P-705 / SLV-76-203 are W8-22 PDF marks. They are not injected into Paisley SHOP.json.
SKIP [UDA] stripping MPa: STRENGTH_28DAY/STRIPPING_STRENGTH/RELEASE_STRENGTH UDAs empty on main parts; 28-day was derived from material 6000 psi. Appendix only.
SKIP [Boolean/Text] corbel: no BooleanPart/Fitting/drawing text/view name containing CORBEL or HAUNCH on the extracted CUs. Appendix only.
SKIP [Rebar] 10M-STR 2620 / 10M-STR 7060 / 15M-STR 2620: Paisley bars use RS10M/RS15M/RB10M marks, not the W8-22 PDF catalogue names. Appendix only.
INFO: P-705 / SLV-76-203 are W8-22 PDF marks. They are not injected into Paisley SHOP.json.
SKIP [UDA] stripping MPa: STRENGTH_28DAY/STRIPPING_STRENGTH/RELEASE_STRENGTH UDAs empty on main parts; 28-day was derived from material 6000 psi. Appendix only.
SKIP [Boolean/Text] corbel: no BooleanPart/Fitting/drawing text/view name containing CORBEL or HAUNCH on the extracted CUs. Appendix only.
SKIP [Rebar] 10M-STR 2620 / 10M-STR 7060 / 15M-STR 2620: Paisley bars use RS10M/RS15M/RB10M marks, not the W8-22 PDF catalogue names. Appendix only.
INFO: P-705 / SLV-76-203 are W8-22 PDF marks. They are not injected into Paisley SHOP.json.
SKIP [UDA] stripping MPa: STRENGTH_28DAY/STRIPPING_STRENGTH/RELEASE_STRENGTH UDAs empty on main parts; 28-day was derived from material 6000 psi. Appendix only.
SKIP [Boolean/Text] corbel: no BooleanPart/Fitting/drawing text/view name containing CORBEL or HAUNCH on the extracted CUs. Appendix only.
SKIP [Rebar] 10M-STR 2620 / 10M-STR 7060 / 15M-STR 2620: Paisley bars use RS10M/RS15M/RB10M marks, not the W8-22 PDF catalogue names. Appendix only.
INFO: P-705 / SLV-76-203 are W8-22 PDF marks. They are not injected into Paisley SHOP.json.
SKIP [UDA] stripping MPa: STRENGTH_28DAY/STRIPPING_STRENGTH/RELEASE_STRENGTH UDAs empty on main parts; 28-day was derived from material 6000 psi. Appendix only.
SKIP [Boolean/Text] corbel: no BooleanPart/Fitting/drawing text/view name containing CORBEL or HAUNCH on the extracted CUs. Appendix only.
SKIP [Rebar] 10M-STR 2620 / 10M-STR 7060 / 15M-STR 2620: Paisley bars use RS10M/RS15M/RB10M marks, not the W8-22 PDF catalogue names. Appendix only.
INFO: P-705 / SLV-76-203 are W8-22 PDF marks. They are not injected into Paisley SHOP.json.
SKIP [UDA] stripping MPa: STRENGTH_28DAY/STRIPPING_STRENGTH/RELEASE_STRENGTH UDAs empty on main parts; 28-day was derived from material 6000 psi. Appendix only.
SKIP [Boolean/Text] corbel: no BooleanPart/Fitting/drawing text/view name containing CORBEL or HAUNCH on the extracted CUs. Appendix only.
SKIP [Rebar] 10M-STR 2620 / 10M-STR 7060 / 15M-STR 2620: Paisley bars use RS10M/RS15M/RB10M marks, not the W8-22 PDF catalogue names. Appendix only.
INFO: P-705 / SLV-76-203 are W8-22 PDF marks. They are not injected into Paisley SHOP.json.
SKIP [UDA] stripping MPa: STRENGTH_28DAY/STRIPPING_STRENGTH/RELEASE_STRENGTH UDAs empty on main parts; 28-day was derived from material 6000 psi. Appendix only.
SKIP [Boolean/Text] corbel: no BooleanPart/Fitting/drawing text/view name containing CORBEL or HAUNCH on the extracted CUs. Appendix only.
SKIP [Rebar] 10M-STR 2620 / 10M-STR 7060 / 15M-STR 2620: Paisley bars use RS10M/RS15M/RB10M marks, not the W8-22 PDF catalogue names. Appendix only.
INFO: P-705 / SLV-76-203 are W8-22 PDF marks. They are not injected into Paisley SHOP.json.
SKIP [UDA] stripping MPa: STRENGTH_28DAY/STRIPPING_STRENGTH/RELEASE_STRENGTH UDAs empty on main parts; 28-day was derived from material 6000 psi. Appendix only.
SKIP [Boolean/Text] corbel: no BooleanPart/Fitting/drawing text/view name containing CORBEL or HAUNCH on the extracted CUs. Appendix only.
SKIP [Rebar] 10M-STR 2620 / 10M-STR 7060 / 15M-STR 2620: Paisley bars use RS10M/RS15M/RB10M marks, not the W8-22 PDF catalogue names. Appendix only.
INFO: P-705 / SLV-76-203 are W8-22 PDF marks. They are not injected into Paisley SHOP.json.
SKIP [UDA] stripping MPa: STRENGTH_28DAY/STRIPPING_STRENGTH/RELEASE_STRENGTH UDAs empty on main parts; 28-day was derived from material 6000 psi. Appendix only.
SKIP [Boolean/Text] corbel: no BooleanPart/Fitting/drawing text/view name containing CORBEL or HAUNCH on the extracted CUs. Appendix only.
SKIP [Rebar] 10M-STR 2620 / 10M-STR 7060 / 15M-STR 2620: Paisley bars use RS10M/RS15M/RB10M marks, not the W8-22 PDF catalogue names. Appendix only.
INFO: P-705 / SLV-76-203 are W8-22 PDF marks. They are not injected into Paisley SHOP.json.
SKIP [UDA] stripping MPa: STRENGTH_28DAY/STRIPPING_STRENGTH/RELEASE_STRENGTH UDAs empty on main parts; 28-day was derived from material 6000 psi. Appendix only.
SKIP [Boolean/Text] corbel: no BooleanPart/Fitting/drawing text/view name containing CORBEL or HAUNCH on the extracted CUs. Appendix only.
SKIP [Rebar] 10M-STR 2620 / 10M-STR 7060 / 15M-STR 2620: Paisley bars use RS10M/RS15M/RB10M marks, not the W8-22 PDF catalogue names. Appendix only.
INFO: P-705 / SLV-76-203 are W8-22 PDF marks. They are not injected into Paisley SHOP.json.
SKIP [UDA] stripping MPa: STRENGTH_28DAY/STRIPPING_STRENGTH/RELEASE_STRENGTH UDAs empty on main parts; 28-day was derived from material 6000 psi. Appendix only.
SKIP [Boolean/Text] corbel: no BooleanPart/Fitting/drawing text/view name containing CORBEL or HAUNCH on the extracted CUs. Appendix only.
SKIP [Rebar] 10M-STR 2620 / 10M-STR 7060 / 15M-STR 2620: Paisley bars use RS10M/RS15M/RB10M marks, not the W8-22 PDF catalogue names. Appendix only.
INFO: P-705 / SLV-76-203 are W8-22 PDF marks. They are not injected into Paisley SHOP.json.
SKIP [UDA] stripping MPa: STRENGTH_28DAY/STRIPPING_STRENGTH/RELEASE_STRENGTH UDAs empty on main parts; 28-day was derived from material 6000 psi. Appendix only.
SKIP [Boolean/Text] corbel: no BooleanPart/Fitting/drawing text/view name containing CORBEL or HAUNCH on the extracted CUs. Appendix only.
SKIP [Rebar] 10M-STR 2620 / 10M-STR 7060 / 15M-STR 2620: Paisley bars use RS10M/RS15M/RB10M marks, not the W8-22 PDF catalogue names. Appendix only.
INFO: P-705 / SLV-76-203 are W8-22 PDF marks. They are not injected into Paisley SHOP.json.
SKIP [UDA] stripping MPa: STRENGTH_28DAY/STRIPPING_STRENGTH/RELEASE_STRENGTH UDAs empty on main parts; 28-day was derived from material 6000 psi. Appendix only.
SKIP [Boolean/Text] corbel: no BooleanPart/Fitting/drawing text/view name containing CORBEL or HAUNCH on the extracted CUs. Appendix only.
SKIP [Rebar] 10M-STR 2620 / 10M-STR 7060 / 15M-STR 2620: Paisley bars use RS10M/RS15M/RB10M marks, not the W8-22 PDF catalogue names. Appendix only.
INFO: P-705 / SLV-76-203 are W8-22 PDF marks. They are not injected into Paisley SHOP.json.
SKIP [UDA] stripping MPa: STRENGTH_28DAY/STRIPPING_STRENGTH/RELEASE_STRENGTH UDAs empty on main parts; 28-day was derived from material 6000 psi. Appendix only.
SKIP [Boolean/Text] corbel: no BooleanPart/Fitting/drawing text/view name containing CORBEL or HAUNCH on the extracted CUs. Appendix only.
SKIP [Rebar] 10M-STR 2620 / 10M-STR 7060 / 15M-STR 2620: Paisley bars use RS10M/RS15M/RB10M marks, not the W8-22 PDF catalogue names. Appendix only.
INFO: P-705 / SLV-76-203 are W8-22 PDF marks. They are not injected into Paisley SHOP.json.
SKIP [UDA] stripping MPa: STRENGTH_28DAY/STRIPPING_STRENGTH/RELEASE_STRENGTH UDAs empty on main parts; 28-day was derived from material 6000 psi. Appendix only.
SKIP [Boolean/Text] corbel: no BooleanPart/Fitting/drawing text/view name containing CORBEL or HAUNCH on the extracted CUs. Appendix only.
SKIP [Rebar] 10M-STR 2620 / 10M-STR 7060 / 15M-STR 2620: Paisley bars use RS10M/RS15M/RB10M marks, not the W8-22 PDF catalogue names. Appendix only.
INFO: P-705 / SLV-76-203 are W8-22 PDF marks. They are not injected into Paisley SHOP.json.
SKIP [UDA] stripping MPa: STRENGTH_28DAY/STRIPPING_STRENGTH/RELEASE_STRENGTH UDAs empty on main parts; 28-day was derived from material 6000 psi. Appendix only.
SKIP [Boolean/Text] corbel: no BooleanPart/Fitting/drawing text/view name containing CORBEL or HAUNCH on the extracted CUs. Appendix only.
SKIP [Rebar] 10M-STR 2620 / 10M-STR 7060 / 15M-STR 2620: Paisley bars use RS10M/RS15M/RB10M marks, not the W8-22 PDF catalogue names. Appendix only.
INFO: P-705 / SLV-76-203 are W8-22 PDF marks. They are not injected into Paisley SHOP.json.
SKIP [UDA] stripping MPa: STRENGTH_28DAY/STRIPPING_STRENGTH/RELEASE_STRENGTH UDAs empty on main parts; 28-day was derived from material 6000 psi. Appendix only.
SKIP [Boolean/Text] corbel: no BooleanPart/Fitting/drawing text/view name containing CORBEL or HAUNCH on the extracted CUs. Appendix only.
SKIP [Rebar] 10M-STR 2620 / 10M-STR 7060 / 15M-STR 2620: Paisley bars use RS10M/RS15M/RB10M marks, not the W8-22 PDF catalogue names. Appendix only.
INFO: P-705 / SLV-76-203 are W8-22 PDF marks. They are not injected into Paisley SHOP.json.
SKIP [UDA] stripping MPa: STRENGTH_28DAY/STRIPPING_STRENGTH/RELEASE_STRENGTH UDAs empty on main parts; 28-day was derived from material 6000 psi. Appendix only.
SKIP [Boolean/Text] corbel: no BooleanPart/Fitting/drawing text/view name containing CORBEL or HAUNCH on the extracted CUs. Appendix only.
SKIP [Rebar] 10M-STR 2620 / 10M-STR 7060 / 15M-STR 2620: Paisley bars use RS10M/RS15M/RB10M marks, not the W8-22 PDF catalogue names. Appendix only.
INFO: P-705 / SLV-76-203 are W8-22 PDF marks. They are not injected into Paisley SHOP.json.
SKIP [UDA] stripping MPa: STRENGTH_28DAY/STRIPPING_STRENGTH/RELEASE_STRENGTH UDAs empty on main parts; 28-day was derived from material 6000 psi. Appendix only.
SKIP [Boolean/Text] corbel: no BooleanPart/Fitting/drawing text/view name containing CORBEL or HAUNCH on the extracted CUs. Appendix only.
SKIP [Rebar] 10M-STR 2620 / 10M-STR 7060 / 15M-STR 2620: Paisley bars use RS10M/RS15M/RB10M marks, not the W8-22 PDF catalogue names. Appendix only.
INFO: P-705 / SLV-76-203 are W8-22 PDF marks. They are not injected into Paisley SHOP.json.
SKIP [UDA] stripping MPa: STRENGTH_28DAY/STRIPPING_STRENGTH/RELEASE_STRENGTH UDAs empty on main parts; 28-day was derived from material 6000 psi. Appendix only.
SKIP [Boolean/Text] corbel: no BooleanPart/Fitting/drawing text/view name containing CORBEL or HAUNCH on the extracted CUs. Appendix only.
SKIP [Rebar] 10M-STR 2620 / 10M-STR 7060 / 15M-STR 2620: Paisley bars use RS10M/RS15M/RB10M marks, not the W8-22 PDF catalogue names. Appendix only.
INFO: P-705 / SLV-76-203 are W8-22 PDF marks. They are not injected into Paisley SHOP.json.
SKIP [UDA] stripping MPa: STRENGTH_28DAY/STRIPPING_STRENGTH/RELEASE_STRENGTH UDAs empty on main parts; 28-day was derived from material 6000 psi. Appendix only.
SKIP [Boolean/Text] corbel: no BooleanPart/Fitting/drawing text/view name containing CORBEL or HAUNCH on the extracted CUs. Appendix only.
SKIP [Rebar] 10M-STR 2620 / 10M-STR 7060 / 15M-STR 2620: Paisley bars use RS10M/RS15M/RB10M marks, not the W8-22 PDF catalogue names. Appendix only.
INFO: P-705 / SLV-76-203 are W8-22 PDF marks. They are not injected into Paisley SHOP.json.
SKIP [UDA] stripping MPa: STRENGTH_28DAY/STRIPPING_STRENGTH/RELEASE_STRENGTH UDAs empty on main parts; 28-day was derived from material 6000 psi. Appendix only.
SKIP [Boolean/Text] corbel: no BooleanPart/Fitting/drawing text/view name containing CORBEL or HAUNCH on the extracted CUs. Appendix only.
SKIP [Rebar] 10M-STR 2620 / 10M-STR 7060 / 15M-STR 2620: Paisley bars use RS10M/RS15M/RB10M marks, not the W8-22 PDF catalogue names. Appendix only.
INFO: P-705 / SLV-76-203 are W8-22 PDF marks. They are not injected into Paisley SHOP.json.
SKIP [UDA] stripping MPa: STRENGTH_28DAY/STRIPPING_STRENGTH/RELEASE_STRENGTH UDAs empty on main parts; 28-day was derived from material 6000 psi. Appendix only.
SKIP [Boolean/Text] corbel: no BooleanPart/Fitting/drawing text/view name containing CORBEL or HAUNCH on the extracted CUs. Appendix only.
SKIP [Rebar] 10M-STR 2620 / 10M-STR 7060 / 15M-STR 2620: Paisley bars use RS10M/RS15M/RB10M marks, not the W8-22 PDF catalogue names. Appendix only.
INFO: P-705 / SLV-76-203 are W8-22 PDF marks. They are not injected into Paisley SHOP.json.
SKIP [UDA] stripping MPa: STRENGTH_28DAY/STRIPPING_STRENGTH/RELEASE_STRENGTH UDAs empty on main parts; 28-day was derived from material 6000 psi. Appendix only.
SKIP [Boolean/Text] corbel: no BooleanPart/Fitting/drawing text/view name containing CORBEL or HAUNCH on the extracted CUs. Appendix only.
SKIP [Rebar] 10M-STR 2620 / 10M-STR 7060 / 15M-STR 2620: Paisley bars use RS10M/RS15M/RB10M marks, not the W8-22 PDF catalogue names. Appendix only.
INFO: P-705 / SLV-76-203 are W8-22 PDF marks. They are not injected into Paisley SHOP.json.
SKIP [UDA] stripping MPa: STRENGTH_28DAY/STRIPPING_STRENGTH/RELEASE_STRENGTH UDAs empty on main parts; 28-day was derived from material 6000 psi. Appendix only.
SKIP [Boolean/Text] corbel: no BooleanPart/Fitting/drawing text/view name containing CORBEL or HAUNCH on the extracted CUs. Appendix only.
SKIP [Rebar] 10M-STR 2620 / 10M-STR 7060 / 15M-STR 2620: Paisley bars use RS10M/RS15M/RB10M marks, not the W8-22 PDF catalogue names. Appendix only.
INFO: P-705 / SLV-76-203 are W8-22 PDF marks. They are not injected into Paisley SHOP.json.
SKIP [UDA] stripping MPa: STRENGTH_28DAY/STRIPPING_STRENGTH/RELEASE_STRENGTH UDAs empty on main parts; 28-day was derived from material 6000 psi. Appendix only.
SKIP [Boolean/Text] corbel: no BooleanPart/Fitting/drawing text/view name containing CORBEL or HAUNCH on the extracted CUs. Appendix only.
SKIP [Rebar] 10M-STR 2620 / 10M-STR 7060 / 15M-STR 2620: Paisley bars use RS10M/RS15M/RB10M marks, not the W8-22 PDF catalogue names. Appendix only.
INFO: P-705 / SLV-76-203 are W8-22 PDF marks. They are not injected into Paisley SHOP.json.
SKIP [UDA] stripping MPa: STRENGTH_28DAY/STRIPPING_STRENGTH/RELEASE_STRENGTH UDAs empty on main parts; 28-day was derived from material 6000 psi. Appendix only.
SKIP [Boolean/Text] corbel: no BooleanPart/Fitting/drawing text/view name containing CORBEL or HAUNCH on the extracted CUs. Appendix only.
SKIP [Rebar] 10M-STR 2620 / 10M-STR 7060 / 15M-STR 2620: Paisley bars use RS10M/RS15M/RB10M marks, not the W8-22 PDF catalogue names. Appendix only.
INFO: P-705 / SLV-76-203 are W8-22 PDF marks. They are not injected into Paisley SHOP.json.
SKIP [UDA] stripping MPa: STRENGTH_28DAY/STRIPPING_STRENGTH/RELEASE_STRENGTH UDAs empty on main parts; 28-day was derived from material 6000 psi. Appendix only.
SKIP [Boolean/Text] corbel: no BooleanPart/Fitting/drawing text/view name containing CORBEL or HAUNCH on the extracted CUs. Appendix only.
SKIP [Rebar] 10M-STR 2620 / 10M-STR 7060 / 15M-STR 2620: Paisley bars use RS10M/RS15M/RB10M marks, not the W8-22 PDF catalogue names. Appendix only.
INFO: P-705 / SLV-76-203 are W8-22 PDF marks. They are not injected into Paisley SHOP.json.
SKIP [UDA] stripping MPa: STRENGTH_28DAY/STRIPPING_STRENGTH/RELEASE_STRENGTH UDAs empty on main parts; 28-day was derived from material 6000 psi. Appendix only.
SKIP [Boolean/Text] corbel: no BooleanPart/Fitting/drawing text/view name containing CORBEL or HAUNCH on the extracted CUs. Appendix only.
SKIP [Rebar] 10M-STR 2620 / 10M-STR 7060 / 15M-STR 2620: Paisley bars use RS10M/RS15M/RB10M marks, not the W8-22 PDF catalogue names. Appendix only.
INFO: P-705 / SLV-76-203 are W8-22 PDF marks. They are not injected into Paisley SHOP.json.
SKIP [UDA] stripping MPa: STRENGTH_28DAY/STRIPPING_STRENGTH/RELEASE_STRENGTH UDAs empty on main parts; 28-day was derived from material 6000 psi. Appendix only.
SKIP [Boolean/Text] corbel: no BooleanPart/Fitting/drawing text/view name containing CORBEL or HAUNCH on the extracted CUs. Appendix only.
SKIP [Rebar] 10M-STR 2620 / 10M-STR 7060 / 15M-STR 2620: Paisley bars use RS10M/RS15M/RB10M marks, not the W8-22 PDF catalogue names. Appendix only.
INFO: P-705 / SLV-76-203 are W8-22 PDF marks. They are not injected into Paisley SHOP.json.
SKIP [UDA] stripping MPa: STRENGTH_28DAY/STRIPPING_STRENGTH/RELEASE_STRENGTH UDAs empty on main parts; 28-day was derived from material 6000 psi. Appendix only.
SKIP [Boolean/Text] corbel: no BooleanPart/Fitting/drawing text/view name containing CORBEL or HAUNCH on the extracted CUs. Appendix only.
SKIP [Rebar] 10M-STR 2620 / 10M-STR 7060 / 15M-STR 2620: Paisley bars use RS10M/RS15M/RB10M marks, not the W8-22 PDF catalogue names. Appendix only.
INFO: P-705 / SLV-76-203 are W8-22 PDF marks. They are not injected into Paisley SHOP.json.
SKIP [UDA] stripping MPa: STRENGTH_28DAY/STRIPPING_STRENGTH/RELEASE_STRENGTH UDAs empty on main parts; 28-day was derived from material 6000 psi. Appendix only.
SKIP [Boolean/Text] corbel: no BooleanPart/Fitting/drawing text/view name containing CORBEL or HAUNCH on the extracted CUs. Appendix only.
SKIP [Rebar] 10M-STR 2620 / 10M-STR 7060 / 15M-STR 2620: Paisley bars use RS10M/RS15M/RB10M marks, not the W8-22 PDF catalogue names. Appendix only.
