2026-09-03T18:56:44 CloseActiveDrawing (OpenAPI start)
2026-09-03T18:56:44 OpenAPI drawings before insert=87
2026-09-03T18:56:55 OpenAPI WALL=1 COLUMN=0 BEAM=0 mark=W10-67 (precast only; hollowcore/insulation/formliner skipped)
2026-09-03T18:56:59 OpenAPI CastUnit Insert created=0 attributes=SP_M.CU_HARDWARE_PROPS_11X17
2026-09-03T18:56:59 OpenAPI CastUnit Insert created=0 attributes=SP_M.CU_REINFORCING_PLACING_PROPS_11X17
2026-09-03T18:56:59 OpenAPI CastUnit Insert created=0 attributes=SP_M.CU_REINFORCING_TABLE_PROPS_11X17
2026-09-03T18:56:59 OpenAPI CastUnit Insert created=0 attributes=SP_M.CU_HARDWARE_PROPS_11X17,SP_M.CU_REINFORCING_PLACING_PROPS_11X17,SP_M.CU_REINFORCING_TABLE_PROPS_11X17,SP_M_Beam_PG4_11x17
2026-09-03T18:56:59 OpenAPI: skipped floor GA (mark=W10-67)
2026-09-03T18:56:59 OpenAPI drawings 87 → 87 (delta=0, tracked sheets=0)
2026-09-03T19:05:13 CloseActiveDrawing (OpenAPI start)
2026-09-03T19:05:13 OpenAPI drawings before insert=87
2026-09-03T19:05:24 OpenAPI WALL=1 COLUMN=0 BEAM=0 mark=W10-67 (precast only; hollowcore/insulation/formliner skipped)
2026-09-03T19:05:24 OpenAPI XS_DRAWING_CLONING_IGNORE_CHECK was=FALSE
2026-09-03T19:05:24 OpenAPI set XS_DRAWING_CLONING_IGNORE_CHECK=TRUE ok=True
2026-09-03T19:05:27 OpenAPI next free sheet for id=101193004 → 4
2026-09-03T19:05:28 OpenAPI CastUnit Insert OK attr=SP_M.CU_HARDWARE_PROPS_11X17 sheet=4
2026-09-03T19:05:28 OpenAPI CastUnit Insert OK attr=SP_M.CU_REINFORCING_PLACING_PROPS_11X17 sheet=5
2026-09-03T19:05:29 OpenAPI CastUnit Insert OK attr=SP_M.CU_REINFORCING_TABLE_PROPS_11X17 sheet=6
2026-09-03T19:05:29 OpenAPI CastUnit Insert created=3 attributes=SP_M.CU_HARDWARE_PROPS_11X17,SP_M.CU_REINFORCING_PLACING_PROPS_11X17,SP_M.CU_REINFORCING_TABLE_PROPS_11X17
2026-09-03T19:05:29 OpenAPI CastUnit Insert created=0 attributes=SP_M.CU_HARDWARE_PROPS_11X17,SP_M.CU_REINFORCING_PLACING_PROPS_11X17,SP_M.CU_REINFORCING_TABLE_PROPS_11X17,SP_M_Beam_PG4_11x17
2026-09-03T19:05:29 OpenAPI: skipped floor GA (mark=W10-67)
2026-09-03T19:05:29 OpenAPI restored XS_DRAWING_CLONING_IGNORE_CHECK=FALSE
2026-09-03T19:05:29 OpenAPI drawings 87 → 90 (delta=3, tracked sheets=3)
2026-09-03T19:10:58 CloseActiveDrawing (OpenAPI start)
2026-09-03T19:10:58 OpenAPI drawings before insert=90
2026-09-03T19:11:09 OpenAPI WALL=1 COLUMN=0 BEAM=0 mark=W10-67 (precast only; hollowcore/insulation/formliner skipped)
2026-09-03T19:11:09 OpenAPI XS_DRAWING_CLONING_IGNORE_CHECK was=FALSE
2026-09-03T19:11:09 OpenAPI set XS_DRAWING_CLONING_IGNORE_CHECK=TRUE ok=True
2026-09-03T19:11:12 OpenAPI next free sheet for id=101193004 → 7
2026-09-03T19:11:22 OpenAPI CastUnit Insert OK sheet=7 template=none
2026-09-03T19:11:33 OpenAPI CastUnit Insert OK sheet=8 template=none
2026-09-03T19:11:43 OpenAPI CastUnit Insert OK sheet=9 template=none
2026-09-03T19:11:43 OpenAPI CastUnit Insert created=3 template=none sheetsPerAssembly=3
2026-09-03T19:11:43 OpenAPI CastUnit Insert created=0 template=none sheetsPerAssembly=4
2026-09-03T19:11:43 OpenAPI: skipped floor GA (mark=W10-67)
2026-09-03T19:11:43 OpenAPI restored XS_DRAWING_CLONING_IGNORE_CHECK=FALSE
2026-09-03T19:11:43 OpenAPI drawings 90 → 93 (delta=3, tracked sheets=3)
2026-09-03T19:12:42 CloseActiveDrawing (OpenAPI start)
2026-09-03T19:12:42 OpenAPI drawings before insert=93
2026-09-03T19:12:56 OpenAPI WALL=1 COLUMN=0 BEAM=0 mark=W10-67 (precast only; hollowcore/insulation/formliner skipped)
2026-09-03T19:12:56 OpenAPI XS_DRAWING_CLONING_IGNORE_CHECK was=FALSE
2026-09-03T19:12:56 OpenAPI set XS_DRAWING_CLONING_IGNORE_CHECK=TRUE ok=True
2026-09-03T19:12:59 OpenAPI next free sheet for id=101193004 → 10
2026-09-03T19:13:00 OpenAPI CastUnit Insert OK attr=SP_M.CU_HARDWARE_PROPS_11X17 sheet=10
2026-09-03T19:13:00 OpenAPI CastUnit Insert OK attr=SP_M.CU_REINFORCING_PLACING_PROPS_11X17 sheet=11
2026-09-03T19:13:00 OpenAPI CastUnit Insert OK attr=SP_M.CU_REINFORCING_TABLE_PROPS_11X17 sheet=12
2026-09-03T19:13:00 OpenAPI CastUnit Insert created=3 attributes=SP_M.CU_HARDWARE_PROPS_11X17,SP_M.CU_REINFORCING_PLACING_PROPS_11X17,SP_M.CU_REINFORCING_TABLE_PROPS_11X17
2026-09-03T19:13:00 OpenAPI CastUnit Insert created=0 attributes=SP_M.CU_HARDWARE_PROPS_11X17,SP_M.CU_REINFORCING_PLACING_PROPS_11X17,SP_M.CU_REINFORCING_TABLE_PROPS_11X17,SP_M_Beam_PG4_11x17
2026-09-03T19:13:00 OpenAPI: skipped floor GA (mark=W10-67)
2026-09-03T19:13:00 OpenAPI restored XS_DRAWING_CLONING_IGNORE_CHECK=FALSE
2026-09-03T19:13:01 OpenAPI drawings 93 → 96 (delta=3, tracked sheets=3)
2026-09-03T19:15:12 CloseActiveDrawing (OpenAPI start)
2026-09-03T19:15:12 OpenAPI drawings before insert=96
2026-09-03T19:15:25 OpenAPI WALL=1 COLUMN=0 BEAM=0 mark=W10-67 (precast only; hollowcore/insulation/formliner skipped)
2026-09-03T19:15:25 OpenAPI XS_DRAWING_CLONING_IGNORE_CHECK was=FALSE
2026-09-03T19:15:25 OpenAPI set XS_DRAWING_CLONING_IGNORE_CHECK=TRUE ok=True
2026-09-03T19:15:28 OpenAPI next free sheet for id=101193004 → 13
2026-09-03T19:15:28 OpenAPI CastUnit Insert OK attr=SP_M.CU_HARDWARE_PROPS_11X17 sheet=13
2026-09-03T19:15:28 OpenAPI CastUnit Insert OK attr=SP_M.CU_REINFORCING_PLACING_PROPS_11X17 sheet=14
2026-09-03T19:15:29 OpenAPI CastUnit Insert OK attr=SP_M.CU_REINFORCING_TABLE_PROPS_11X17 sheet=15
2026-09-03T19:15:29 OpenAPI CastUnit Insert created=3 attributes=SP_M.CU_HARDWARE_PROPS_11X17,SP_M.CU_REINFORCING_PLACING_PROPS_11X17,SP_M.CU_REINFORCING_TABLE_PROPS_11X17
2026-09-03T19:15:29 OpenAPI CastUnit Insert created=0 attributes=SP_M.CU_HARDWARE_PROPS_11X17,SP_M.CU_REINFORCING_PLACING_PROPS_11X17,SP_M.CU_REINFORCING_TABLE_PROPS_11X17,SP_M_Beam_PG4_11x17
2026-09-03T19:15:29 OpenAPI: skipped floor GA (mark=W10-67)
2026-09-03T19:15:29 OpenAPI restored XS_DRAWING_CLONING_IGNORE_CHECK=FALSE
2026-09-03T19:15:29 OpenAPI drawings 96 → 99 (delta=3, tracked sheets=3)
2026-09-10T17:06:36 CloseActiveDrawing (OpenAPI start)
2026-09-10T17:06:36 OpenAPI drawings before insert=101
2026-09-10T17:06:55 OpenAPI WALL=1 COLUMN=0 BEAM=0 mark=W10-175 (precast only; hollowcore/insulation/formliner skipped)
2026-09-10T17:06:55 OpenAPI XS_DRAWING_CLONING_IGNORE_CHECK was=FALSE
2026-09-10T17:06:55 OpenAPI set XS_DRAWING_CLONING_IGNORE_CHECK=TRUE ok=True
2026-09-10T17:06:59 OpenAPI next free sheet for id=101191148 → 4
2026-09-10T17:07:10 OpenAPI CastUnit Insert OK attr=SP_M.CU_HARDWARE_PROPS_11X17 sheet=4
2026-09-10T17:07:11 OpenAPI CastUnit Insert OK attr=SP_M.CU_REINFORCING_PLACING_PROPS_11X17 sheet=5
2026-09-10T17:07:12 OpenAPI CastUnit Insert OK attr=SP_M.CU_REINFORCING_TABLE_PROPS_11X17 sheet=6
2026-09-10T17:07:12 OpenAPI CastUnit Insert created=3 attributes=SP_M.CU_HARDWARE_PROPS_11X17,SP_M.CU_REINFORCING_PLACING_PROPS_11X17,SP_M.CU_REINFORCING_TABLE_PROPS_11X17
2026-09-10T17:07:12 OpenAPI CastUnit Insert created=0 attributes=SP_M.CU_HARDWARE_PROPS_11X17,SP_M.CU_REINFORCING_PLACING_PROPS_11X17,SP_M.CU_REINFORCING_TABLE_PROPS_11X17,SP_M_Beam_PG4_11x17
2026-09-10T17:07:12 OpenAPI: skipped floor GA (mark=W10-175)
2026-09-10T17:07:12 OpenAPI restored XS_DRAWING_CLONING_IGNORE_CHECK=FALSE
2026-09-10T17:07:12 OpenAPI drawings 101 → 104 (delta=3, tracked sheets=3)
2026-09-11T13:41:36 CloseActiveDrawing (OpenAPI start)
2026-09-11T13:41:36 OpenAPI drawings before insert=98
2026-09-11T13:41:55 OpenAPI WALL=1 COLUMN=0 BEAM=0 mark=W10-175 (precast only; hollowcore/insulation/formliner skipped)
2026-09-11T13:41:55 OpenAPI XS_DRAWING_CLONING_IGNORE_CHECK was=FALSE
2026-09-11T13:41:55 OpenAPI set XS_DRAWING_CLONING_IGNORE_CHECK=TRUE ok=True
2026-09-11T13:41:57 OpenAPI next free sheet for id=101191148 → 1
2026-09-11T13:42:05 OpenAPI CastUnit Insert OK attr=SP_M.CU_HARDWARE_PROPS_11X17 sheet=1
2026-09-11T13:42:06 OpenAPI CastUnit Insert OK attr=SP_M.CU_REINFORCING_PLACING_PROPS_11X17 sheet=2
2026-09-11T13:42:06 OpenAPI CastUnit Insert OK attr=SP_M.CU_REINFORCING_TABLE_PROPS_11X17 sheet=3
2026-09-11T13:42:06 OpenAPI CastUnit Insert created=3 attributes=SP_M.CU_HARDWARE_PROPS_11X17,SP_M.CU_REINFORCING_PLACING_PROPS_11X17,SP_M.CU_REINFORCING_TABLE_PROPS_11X17
2026-09-11T13:42:06 OpenAPI CastUnit Insert created=0 attributes=SP_M.CU_HARDWARE_PROPS_11X17,SP_M.CU_REINFORCING_PLACING_PROPS_11X17,SP_M.CU_REINFORCING_TABLE_PROPS_11X17,SP_M_Beam_PG4_11x17
2026-09-11T13:42:06 OpenAPI: skipped floor GA (mark=W10-175)
2026-09-11T13:42:06 OpenAPI restored XS_DRAWING_CLONING_IGNORE_CHECK=FALSE
2026-09-11T13:42:06 OpenAPI drawings 98 → 101 (delta=3, tracked sheets=3)
2026-09-11T15:55:51 CloseActiveDrawing (OpenAPI start)
2026-09-11T15:55:51 OpenAPI drawings before insert=98
2026-09-11T15:56:32 OpenAPI WALL=1 COLUMN=0 BEAM=0 mark=W10-175 (precast only; hollowcore/insulation/formliner skipped)
2026-09-11T15:56:32 OpenAPI XS_DRAWING_CLONING_IGNORE_CHECK was=FALSE
2026-09-11T15:56:32 OpenAPI set XS_DRAWING_CLONING_IGNORE_CHECK=TRUE ok=True
2026-09-11T15:56:36 OpenAPI next free sheet for id=101191148 → 1
2026-10-01T19:35:23 CloseActiveDrawing (OpenAPI start)
2026-10-01T19:35:23 OpenAPI drawings before insert=102
